Component: ARM Compiler 5.06 update 5 (build 528) Tool: armlink [4d35e2]

==============================================================================

Section Cross References

    startup_stm32f103xb.o(RESET) refers to startup_stm32f103xb.o(STACK) for __initial_sp
    startup_stm32f103xb.o(RESET) refers to startup_stm32f103xb.o(.text) for Reset_Handler
    startup_stm32f103xb.o(RESET) refers to stm32f1xx_it.o(i.NMI_Handler) for NMI_Handler
    startup_stm32f103xb.o(RESET) refers to stm32f1xx_it.o(i.HardFault_Handler) for HardFault_Handler
    startup_stm32f103xb.o(RESET) refers to stm32f1xx_it.o(i.MemManage_Handler) for MemManage_Handler
    startup_stm32f103xb.o(RESET) refers to stm32f1xx_it.o(i.BusFault_Handler) for BusFault_Handler
    startup_stm32f103xb.o(RESET) refers to stm32f1xx_it.o(i.UsageFault_Handler) for UsageFault_Handler
    startup_stm32f103xb.o(RESET) refers to port.o(.emb_text) for SVC_Handler
    startup_stm32f103xb.o(RESET) refers to stm32f1xx_it.o(i.DebugMon_Handler) for DebugMon_Handler
    startup_stm32f103xb.o(RESET) refers to stm32f1xx_it.o(i.SysTick_Handler) for SysTick_Handler
    startup_stm32f103xb.o(RESET) refers to stm32f1xx_it.o(i.TIM1_UP_IRQHandler) for TIM1_UP_IRQHandler
    startup_stm32f103xb.o(RESET) refers to stm32f1xx_it.o(i.TIM4_IRQHandler) for TIM4_IRQHandler
    startup_stm32f103xb.o(RESET) refers to stm32f1xx_it.o(i.USART1_IRQHandler) for USART1_IRQHandler
    startup_stm32f103xb.o(.text) refers to system_stm32f1xx.o(i.SystemInit) for SystemInit
    startup_stm32f103xb.o(.text) refers to entry.o(.ARM.Collect$$$$00000000) for __main
    user.o(i.MotorChangeSpeed) refers to cmsis_os.o(i.osDelay) for osDelay
    user.o(i.MotorChangeSpeed) refers to cos.o(i.cos) for cos
    user.o(i.MotorChangeSpeed) refers to dmul.o(.text) for __aeabi_dmul
    user.o(i.MotorChangeSpeed) refers to dfixi.o(.text) for __aeabi_d2iz
    user.o(i.MotorChangeSpeed) refers to sin.o(i.sin) for sin
    user.o(i.MotorChangeSpeed) refers to dadd.o(.text) for __aeabi_dadd
    user.o(i.MotorChangeSpeed) refers to cdcmple.o(.text) for __aeabi_cdcmple
    user.o(i.MotorChangeSpeed) refers to user.o(.data) for .data
    user.o(i.MotorCtrlInit) refers to user.o(.bss) for .bss
    user.o(i.MotorCtrlLoop) refers to user.o(.data) for .data
    user.o(i.MotorCtrlLoop) refers to user.o(.constdata) for .constdata
    user.o(i.MotorCtrlLoop) refers to user.o(.bss) for .bss
    user.o(i.MotorPID) refers to user.o(i.funPID) for funPID
    user.o(i.MotorPID) refers to user.o(.data) for .data
    user.o(i.MotorPID) refers to user.o(.bss) for .bss
    user.o(i.MotorPIDInit) refers to user.o(.bss) for .bss
    user.o(i.ReceiveDatas) refers to stm32f1xx_hal_uart.o(i.HAL_UART_Transmit) for HAL_UART_Transmit
    user.o(i.ReceiveDatas) refers to stm32f1xx_hal_uart.o(i.HAL_UART_Receive) for HAL_UART_Receive
    user.o(i.ReceiveDatas) refers to dflti.o(.text) for __aeabi_i2d
    user.o(i.ReceiveDatas) refers to dscalb.o(.text) for __ARM_scalbn
    user.o(i.ReceiveDatas) refers to dfixi.o(.text) for __aeabi_d2iz
    user.o(i.ReceiveDatas) refers to user.o(.data) for .data
    user.o(i.ReceiveDatas) refers to main.o(.bss) for huart1
    user.o(i.ServoChangePWM) refers to user.o(.data) for .data
    user.o(i.ServoChangePWM) refers to user.o(.bss) for .bss
    user.o(i.funPID) refers to dflti.o(.text) for __aeabi_i2d
    user.o(i.funPID) refers to dmul.o(.text) for __aeabi_dmul
    user.o(i.funPID) refers to dfixi.o(.text) for __aeabi_d2iz
    user.o(i.funPID) refers to dadd.o(.text) for __aeabi_dadd
    main.o(i.HAL_TIM_PeriodElapsedCallback) refers to user.o(i.MotorPID) for MotorPID
    main.o(i.HAL_TIM_PeriodElapsedCallback) refers to user.o(i.MotorCtrlLoop) for MotorCtrlLoop
    main.o(i.HAL_TIM_PeriodElapsedCallback) refers to user.o(i.ServoChangePWM) for ServoChangePWM
    main.o(i.HAL_TIM_PeriodElapsedCallback) refers to stm32f1xx_hal.o(i.HAL_IncTick) for HAL_IncTick
    main.o(i.MX_GPIO_Init) refers to stm32f1xx_hal_gpio.o(i.HAL_GPIO_WritePin) for HAL_GPIO_WritePin
    main.o(i.MX_GPIO_Init) refers to stm32f1xx_hal_gpio.o(i.HAL_GPIO_Init) for HAL_GPIO_Init
    main.o(i.MX_TIM1_Init) refers to stm32f1xx_hal_tim.o(i.HAL_TIM_Base_Init) for HAL_TIM_Base_Init
    main.o(i.MX_TIM1_Init) refers to stm32f1xx_hal_tim.o(i.HAL_TIM_ConfigClockSource) for HAL_TIM_ConfigClockSource
    main.o(i.MX_TIM1_Init) refers to stm32f1xx_hal_tim_ex.o(i.HAL_TIMEx_MasterConfigSynchronization) for HAL_TIMEx_MasterConfigSynchronization
    main.o(i.MX_TIM1_Init) refers to main.o(.bss) for .bss
    main.o(i.MX_TIM2_Init) refers to stm32f1xx_hal_tim.o(i.HAL_TIM_Base_Init) for HAL_TIM_Base_Init
    main.o(i.MX_TIM2_Init) refers to stm32f1xx_hal_tim.o(i.HAL_TIM_ConfigClockSource) for HAL_TIM_ConfigClockSource
    main.o(i.MX_TIM2_Init) refers to stm32f1xx_hal_tim.o(i.HAL_TIM_PWM_Init) for HAL_TIM_PWM_Init
[...]
    Removing stm32f1xx_hal_cortex.o(i.HAL_NVIC_SystemReset), (36 bytes).
    Removing stm32f1xx_hal_cortex.o(i.HAL_SYSTICK_Callback), (2 bytes).
    Removing stm32f1xx_hal_cortex.o(i.HAL_SYSTICK_IRQHandler), (8 bytes).
    Removing stm32f1xx_hal_pwr.o(.rev16_text), (4 bytes).
    Removing stm32f1xx_hal_pwr.o(.revsh_text), (4 bytes).
    Removing stm32f1xx_hal_pwr.o(.rrx_text), (6 bytes).
    Removing stm32f1xx_hal_pwr.o(i.HAL_PWR_ConfigPVD), (124 bytes).
    Removing stm32f1xx_hal_pwr.o(i.HAL_PWR_DeInit), (24 bytes).
    Removing stm32f1xx_hal_pwr.o(i.HAL_PWR_DisableBkUpAccess), (12 bytes).
    Removing stm32f1xx_hal_pwr.o(i.HAL_PWR_DisablePVD), (12 bytes).
    Removing stm32f1xx_hal_pwr.o(i.HAL_PWR_DisableSEVOnPend), (16 bytes).
    Removing stm32f1xx_hal_pwr.o(i.HAL_PWR_DisableSleepOnExit), (16 bytes).
    Removing stm32f1xx_hal_pwr.o(i.HAL_PWR_DisableWakeUpPin), (28 bytes).
    Removing stm32f1xx_hal_pwr.o(i.HAL_PWR_EnableBkUpAccess), (12 bytes).
    Removing stm32f1xx_hal_pwr.o(i.HAL_PWR_EnablePVD), (12 bytes).
    Removing stm32f1xx_hal_pwr.o(i.HAL_PWR_EnableSEVOnPend), (16 bytes).
    Removing stm32f1xx_hal_pwr.o(i.HAL_PWR_EnableSleepOnExit), (16 bytes).
    Removing stm32f1xx_hal_pwr.o(i.HAL_PWR_EnableWakeUpPin), (28 bytes).
    Removing stm32f1xx_hal_pwr.o(i.HAL_PWR_EnterSLEEPMode), (32 bytes).
    Removing stm32f1xx_hal_pwr.o(i.HAL_PWR_EnterSTANDBYMode), (32 bytes).
    Removing stm32f1xx_hal_pwr.o(i.HAL_PWR_EnterSTOPMode), (68 bytes).
    Removing stm32f1xx_hal_pwr.o(i.HAL_PWR_PVDCallback), (2 bytes).
    Removing stm32f1xx_hal_pwr.o(i.HAL_PWR_PVD_IRQHandler), (28 bytes).
    Removing stm32f1xx_hal_pwr.o(i.PWR_OverloadWfe), (6 bytes).
    Removing stm32f1xx_hal_flash.o(.rev16_text), (4 bytes).
    Removing stm32f1xx_hal_flash.o(.revsh_text), (4 bytes).
    Removing stm32f1xx_hal_flash.o(.rrx_text), (6 bytes).
    Removing stm32f1xx_hal_flash.o(i.FLASH_Program_HalfWord), (28 bytes).
    Removing stm32f1xx_hal_flash.o(i.FLASH_SetErrorCode), (92 bytes).
    Removing stm32f1xx_hal_flash.o(i.FLASH_WaitForLastOperation), (84 bytes).
    Removing stm32f1xx_hal_flash.o(i.HAL_FLASH_EndOfOperationCallback), (2 bytes).
    Removing stm32f1xx_hal_flash.o(i.HAL_FLASH_GetError), (12 bytes).
    Removing stm32f1xx_hal_flash.o(i.HAL_FLASH_IRQHandler), (264 bytes).
    Removing stm32f1xx_hal_flash.o(i.HAL_FLASH_Lock), (20 bytes).
    Removing stm32f1xx_hal_flash.o(i.HAL_FLASH_OB_Launch), (4 bytes).
    Removing stm32f1xx_hal_flash.o(i.HAL_FLASH_OB_Lock), (20 bytes).
    Removing stm32f1xx_hal_flash.o(i.HAL_FLASH_OB_Unlock), (36 bytes).
    Removing stm32f1xx_hal_flash.o(i.HAL_FLASH_OperationErrorCallback), (2 bytes).
    Removing stm32f1xx_hal_flash.o(i.HAL_FLASH_Program), (128 bytes).
    Removing stm32f1xx_hal_flash.o(i.HAL_FLASH_Program_IT), (100 bytes).
    Removing stm32f1xx_hal_flash.o(i.HAL_FLASH_Unlock), (40 bytes).
    Removing stm32f1xx_hal_flash.o(.bss), (32 bytes).
    Removing stm32f1xx_hal_flash_ex.o(.rev16_text), (4 bytes).
    Removing stm32f1xx_hal_flash_ex.o(.revsh_text), (4 bytes).
    Removing stm32f1xx_hal_flash_ex.o(.rrx_text), (6 bytes).
    Removing stm32f1xx_hal_flash_ex.o(i.FLASH_MassErase), (36 bytes).
    Removing stm32f1xx_hal_flash_ex.o(i.FLASH_OB_DisableWRP), (176 bytes).
    Removing stm32f1xx_hal_flash_ex.o(i.FLASH_OB_EnableWRP), (176 bytes).
    Removing stm32f1xx_hal_flash_ex.o(i.FLASH_OB_GetRDP), (24 bytes).
    Removing stm32f1xx_hal_flash_ex.o(i.FLASH_OB_RDP_LevelConfig), (100 bytes).
    Removing stm32f1xx_hal_flash_ex.o(i.FLASH_PageErase), (36 bytes).
    Removing stm32f1xx_hal_flash_ex.o(i.HAL_FLASHEx_Erase), (168 bytes).
    Removing stm32f1xx_hal_flash_ex.o(i.HAL_FLASHEx_Erase_IT), (84 bytes).
    Removing stm32f1xx_hal_flash_ex.o(i.HAL_FLASHEx_OBErase), (84 bytes).
    Removing stm32f1xx_hal_flash_ex.o(i.HAL_FLASHEx_OBGetConfig), (36 bytes).
    Removing stm32f1xx_hal_flash_ex.o(i.HAL_FLASHEx_OBGetUserData), (32 bytes).
    Removing stm32f1xx_hal_flash_ex.o(i.HAL_FLASHEx_OBProgram), (200 bytes).
    Removing system_stm32f1xx.o(.rev16_text), (4 bytes).
    Removing system_stm32f1xx.o(.revsh_text), (4 bytes).
    Removing system_stm32f1xx.o(.rrx_text), (6 bytes).
    Removing system_stm32f1xx.o(i.SystemCoreClockUpdate), (104 bytes).
    Removing heap_4.o(i.vPortInitialiseBlocks), (2 bytes).
    Removing heap_4.o(i.xPortGetFreeHeapSize), (12 bytes).
    Removing heap_4.o(i.xPortGetMinimumEverFreeHeapSize), (12 bytes).
    Removing port.o(i.vPortEndScheduler), (32 bytes).
    Removing port.o(i.vPortValidateInterruptPriority), (84 bytes).
    Removing event_groups.o(i.prvTestWaitCondition), (20 bytes).
    Removing event_groups.o(i.vEventGroupClearBitsCallback), (4 bytes).
    Removing event_groups.o(i.vEventGroupDelete), (70 bytes).
    Removing event_groups.o(i.vEventGroupSetBitsCallback), (4 bytes).
    Removing event_groups.o(i.xEventGroupClearBits), (64 bytes).
    Removing event_groups.o(i.xEventGroupCreate), (26 bytes).
    Removing event_groups.o(i.xEventGroupGetBitsFromISR), (26 bytes).
    Removing event_groups.o(i.xEventGroupSetBits), (140 bytes).
    Removing event_groups.o(i.xEventGroupSync), (204 bytes).
    Removing event_groups.o(i.xEventGroupWaitBits), (264 bytes).
    Removing queue.o(i.pcQueueGetName), (40 bytes).
    Removing queue.o(i.prvCopyDataFromQueue), (38 bytes).
    Removing queue.o(i.prvCopyDataToQueue), (108 bytes).
    Removing queue.o(i.prvIsQueueEmpty), (28 bytes).
    Removing queue.o(i.prvUnlockQueue), (106 bytes).
    Removing queue.o(i.uxQueueMessagesWaiting), (36 bytes).
    Removing queue.o(i.uxQueueMessagesWaitingFromISR), (22 bytes).
    Removing queue.o(i.uxQueueSpacesAvailable), (40 bytes).
    Removing queue.o(i.vQueueAddToRegistry), (40 bytes).
    Removing queue.o(i.vQueueDelete), (36 bytes).
    Removing queue.o(i.vQueueUnregisterQueue), (40 bytes).
    Removing queue.o(i.xQueueCreateMutex), (36 bytes).
    Removing queue.o(i.xQueueGenericCreate), (72 bytes).
    Removing queue.o(i.xQueueGenericReceive), (364 bytes).
    Removing queue.o(i.xQueueGenericReset), (136 bytes).
    Removing queue.o(i.xQueueGenericSend), (352 bytes).
    Removing queue.o(i.xQueueGenericSendFromISR), (188 bytes).
    Removing queue.o(i.xQueueGiveFromISR), (156 bytes).
    Removing queue.o(i.xQueueIsQueueEmptyFromISR), (30 bytes).
    Removing queue.o(i.xQueueIsQueueFullFromISR), (34 bytes).
    Removing queue.o(i.xQueuePeekFromISR), (116 bytes).
    Removing queue.o(i.xQueueReceiveFromISR), (154 bytes).
    Removing queue.o(.bss), (64 bytes).
    Removing tasks.o(i.pcTaskGetName), (32 bytes).
    Removing tasks.o(i.prvTaskIsTaskSuspended), (52 bytes).
    Removing tasks.o(i.pvTaskIncrementMutexHeldCount), (24 bytes).
    Removing tasks.o(i.ulTaskNotifyTake), (104 bytes).
    Removing tasks.o(i.uxTaskGetNumberOfTasks), (12 bytes).
    Removing tasks.o(i.uxTaskPriorityGet), (28 bytes).
    Removing tasks.o(i.uxTaskPriorityGetFromISR), (44 bytes).
    Removing tasks.o(i.uxTaskResetEventItemValue), (24 bytes).
    Removing tasks.o(i.vTaskDelete), (172 bytes).
    Removing tasks.o(i.vTaskEndScheduler), (28 bytes).
    Removing tasks.o(i.vTaskMissedYield), (12 bytes).
    Removing tasks.o(i.vTaskNotifyGiveFromISR), (184 bytes).
    Removing tasks.o(i.vTaskPlaceOnEventList), (48 bytes).
    Removing tasks.o(i.vTaskPlaceOnUnorderedEventList), (80 bytes).
    Removing tasks.o(i.vTaskPriorityInherit), (132 bytes).
    Removing tasks.o(i.vTaskPrioritySet), (196 bytes).
    Removing tasks.o(i.vTaskResume), (124 bytes).
    Removing tasks.o(i.vTaskSetTimeOutState), (36 bytes).
    Removing tasks.o(i.vTaskSuspend), (176 bytes).
    Removing tasks.o(i.xTaskCheckForTimeOut), (108 bytes).
    Removing tasks.o(i.xTaskGenericNotify), (204 bytes).
    Removing tasks.o(i.xTaskGenericNotifyFromISR), (240 bytes).
    Removing tasks.o(i.xTaskGetCurrentTaskHandle), (12 bytes).
    Removing tasks.o(i.xTaskGetTickCount), (12 bytes).
    Removing tasks.o(i.xTaskGetTickCountFromISR), (16 bytes).
    Removing tasks.o(i.xTaskNotifyStateClear), (52 bytes).
    Removing tasks.o(i.xTaskNotifyWait), (140 bytes).
    Removing tasks.o(i.xTaskPriorityDisinherit), (152 bytes).
    Removing tasks.o(i.xTaskRemoveFromEventList), (116 bytes).
    Removing tasks.o(i.xTaskRemoveFromUnorderedEventList), (120 bytes).
    Removing tasks.o(i.xTaskResumeFromISR), (136 bytes).
    Removing cmsis_os.o(.rev16_text), (4 bytes).
    Removing cmsis_os.o(.revsh_text), (4 bytes).
    Removing cmsis_os.o(i.inHandlerMode), (12 bytes).
    Removing cmsis_os.o(i.makeCmsisPriority), (14 bytes).
    Removing cmsis_os.o(i.osAbortDelay), (4 bytes).
    Removing cmsis_os.o(i.osDelayUntil), (4 bytes).
    Removing cmsis_os.o(i.osKernelRunning), (18 bytes).
    Removing cmsis_os.o(i.osKernelSysTick), (24 bytes).
    Removing cmsis_os.o(i.osMailAlloc), (12 bytes).
    Removing cmsis_os.o(i.osMailCAlloc), (32 bytes).
    Removing cmsis_os.o(i.osMailCreate), (92 bytes).
    Removing cmsis_os.o(i.osMailFree), (12 bytes).
    Removing cmsis_os.o(i.osMailGet), (148 bytes).
    Removing cmsis_os.o(i.osMailPut), (92 bytes).
    Removing cmsis_os.o(i.osMessageAvailableSpace), (4 bytes).
    Removing cmsis_os.o(i.osMessageCreate), (8 bytes).
    Removing cmsis_os.o(i.osMessageDelete), (24 bytes).
    Removing cmsis_os.o(i.osMessageGet), (152 bytes).
    Removing cmsis_os.o(i.osMessagePeek), (78 bytes).
    Removing cmsis_os.o(i.osMessagePut), (92 bytes).
    Removing cmsis_os.o(i.osMessageWaiting), (30 bytes).
    Removing cmsis_os.o(i.osMutexCreate), (6 bytes).
    Removing cmsis_os.o(i.osMutexDelete), (24 bytes).
    Removing cmsis_os.o(i.osMutexRelease), (80 bytes).
    Removing cmsis_os.o(i.osMutexWait), (104 bytes).
    Removing cmsis_os.o(i.osPoolAlloc), (106 bytes).
    Removing cmsis_os.o(i.osPoolCAlloc), (16 bytes).
    Removing cmsis_os.o(i.osPoolCreate), (94 bytes).
    Removing cmsis_os.o(i.osPoolFree), (48 bytes).
    Removing cmsis_os.o(i.osRecursiveMutexCreate), (4 bytes).
    Removing cmsis_os.o(i.osRecursiveMutexRelease), (4 bytes).
    Removing cmsis_os.o(i.osRecursiveMutexWait), (4 bytes).
    Removing cmsis_os.o(i.osSemaphoreCreate), (38 bytes).
    Removing cmsis_os.o(i.osSemaphoreDelete), (24 bytes).
    Removing cmsis_os.o(i.osSemaphoreGetCount), (4 bytes).
    Removing cmsis_os.o(i.osSemaphoreRelease), (80 bytes).
    Removing cmsis_os.o(i.osSemaphoreWait), (104 bytes).
    Removing cmsis_os.o(i.osSignalSet), (92 bytes).
    Removing cmsis_os.o(i.osSignalWait), (86 bytes).
    Removing cmsis_os.o(i.osThreadGetId), (4 bytes).
    Removing cmsis_os.o(i.osThreadGetPriority), (32 bytes).
    Removing cmsis_os.o(i.osThreadList), (4 bytes).
    Removing cmsis_os.o(i.osThreadResume), (52 bytes).
    Removing cmsis_os.o(i.osThreadResumeAll), (18 bytes).
    Removing cmsis_os.o(i.osThreadSetPriority), (22 bytes).
    Removing cmsis_os.o(i.osThreadSuspend), (10 bytes).
    Removing cmsis_os.o(i.osThreadSuspendAll), (10 bytes).
    Removing cmsis_os.o(i.osThreadTerminate), (10 bytes).
    Removing cmsis_os.o(i.osThreadYield), (24 bytes).
    Removing cmsis_os.o(i.osTimerCreate), (4 bytes).
    Removing cmsis_os.o(i.osTimerDelete), (4 bytes).
    Removing cmsis_os.o(i.osTimerStart), (4 bytes).
    Removing cmsis_os.o(i.osTimerStop), (4 bytes).
    Removing cdcmple.o(.text), (48 bytes).
    Removing ddiv.o(.text), (222 bytes).
    Removing dfltui.o(.text), (26 bytes).

454 unused section(s) (total 26420 bytes) removed from the image.

==============================================================================

Image Symbol Table

    Local Symbols

    Symbol Name                              Value     Ov Type        Size  Object(Section)

    ..//Src/system_stm32f1xx.c               0x00000000   Number         0  system_stm32f1xx.o ABSOLUTE
    ../Drivers/STM32F1xx_HAL_Driver/Src/stm32f1xx_hal.c 0x00000000   Number         0  stm32f1xx_hal.o ABSOLUTE
    ../Drivers/STM32F1xx_HAL_Driver/Src/stm32f1xx_hal_cortex.c 0x00000000   Number         0  stm32f1xx_hal_cortex.o ABSOLUTE
    ../Drivers/STM32F1xx_HAL_Driver/Src/stm32f1xx_hal_dma.c 0x00000000   Number         0  stm32f1xx_hal_dma.o ABSOLUTE
    ../Drivers/STM32F1xx_HAL_Driver/Src/stm32f1xx_hal_flash.c 0x00000000   Number         0  stm32f1xx_hal_flash.o ABSOLUTE
    ../Drivers/STM32F1xx_HAL_Driver/Src/stm32f1xx_hal_flash_ex.c 0x00000000   Number         0  stm32f1xx_hal_flash_ex.o ABSOLUTE
    ../Drivers/STM32F1xx_HAL_Driver/Src/stm32f1xx_hal_gpio.c 0x00000000   Number         0  stm32f1xx_hal_gpio.o ABSOLUTE
    ../Drivers/STM32F1xx_HAL_Driver/Src/stm32f1xx_hal_gpio_ex.c 0x00000000   Number         0  stm32f1xx_hal_gpio_ex.o ABSOLUTE
    ../Drivers/STM32F1xx_HAL_Driver/Src/stm32f1xx_hal_pwr.c 0x00000000   Number         0  stm32f1xx_hal_pwr.o ABSOLUTE
    ../Drivers/STM32F1xx_HAL_Driver/Src/stm32f1xx_hal_rcc.c 0x00000000   Number         0  stm32f1xx_hal_rcc.o ABSOLUTE
    ../Drivers/STM32F1xx_HAL_Driver/Src/stm32f1xx_hal_rcc_ex.c 0x00000000   Number         0  stm32f1xx_hal_rcc_ex.o ABSOLUTE
    ../Drivers/STM32F1xx_HAL_Driver/Src/stm32f1xx_hal_tim.c 0x00000000   Number         0  stm32f1xx_hal_tim.o ABSOLUTE
    ../Drivers/STM32F1xx_HAL_Driver/Src/stm32f1xx_hal_tim_ex.c 0x00000000   Number         0  stm32f1xx_hal_tim_ex.o ABSOLUTE
    ../Drivers/STM32F1xx_HAL_Driver/Src/stm32f1xx_hal_uart.c 0x00000000   Number         0  stm32f1xx_hal_uart.o ABSOLUTE
    ../Middlewares/Third_Party/FreeRTOS/Source/CMSIS_RTOS/cmsis_os.c 0x00000000   Number         0  cmsis_os.o ABSOLUTE
    ../Middlewares/Third_Party/FreeRTOS/Source/croutine.c 0x00000000   Number         0  croutine.o ABSOLUTE
    ../Middlewares/Third_Party/FreeRTOS/Source/event_groups.c 0x00000000   Number         0  event_groups.o ABSOLUTE
    ../Middlewares/Third_Party/FreeRTOS/Source/list.c 0x00000000   Number         0  list.o ABSOLUTE
    ../Middlewares/Third_Party/FreeRTOS/Source/portable/MemMang/heap_4.c 0x00000000   Number         0  heap_4.o ABSOLUTE
    ../Middlewares/Third_Party/FreeRTOS/Source/portable/RVDS/ARM_CM3/port.c 0x00000000   Number         0  port.o ABSOLUTE
    ../Middlewares/Third_Party/FreeRTOS/Source/queue.c 0x00000000   Number         0  queue.o ABSOLUTE
    ../Middlewares/Third_Party/FreeRTOS/Source/tasks.c 0x00000000   Number         0  tasks.o ABSOLUTE
    ../Middlewares/Third_Party/FreeRTOS/Source/timers.c 0x00000000   Number         0  timers.o ABSOLUTE
    ../Src/freertos.c                        0x00000000   Number         0  freertos.o ABSOLUTE
    ../Src/main.c                            0x00000000   Number         0  main.o ABSOLUTE
    ../Src/stm32f1xx_hal_msp.c               0x00000000   Number         0  stm32f1xx_hal_msp.o ABSOLUTE
    ../Src/stm32f1xx_hal_timebase_TIM.c      0x00000000   Number         0  stm32f1xx_hal_timebase_tim.o ABSOLUTE
    ../Src/stm32f1xx_it.c                    0x00000000   Number         0  stm32f1xx_it.o ABSOLUTE
    ../clib/microlib/errno.c                 0x00000000   Number         0  errno.o ABSOLUTE
    ../clib/microlib/init/entry.s            0x00000000   Number         0  entry9a.o ABSOLUTE
    ../clib/microlib/init/entry.s            0x00000000   Number         0  entry8b.o ABSOLUTE
    ../clib/microlib/init/entry.s            0x00000000   Number         0  entry8a.o ABSOLUTE
    ../clib/microlib/init/entry.s            0x00000000   Number         0  entry7b.o ABSOLUTE
    ../clib/microlib/init/entry.s            0x00000000   Number         0  entry7a.o ABSOLUTE
    ../clib/microlib/init/entry.s            0x00000000   Number         0  entry5.o ABSOLUTE
    ../clib/microlib/init/entry.s            0x00000000   Number         0  entry2.o ABSOLUTE
    ../clib/microlib/init/entry.s            0x00000000   Number         0  entry.o ABSOLUTE
    ../clib/microlib/init/entry.s            0x00000000   Number         0  entry11b.o ABSOLUTE
    ../clib/microlib/init/entry.s            0x00000000   Number         0  entry11a.o ABSOLUTE
    ../clib/microlib/init/entry.s            0x00000000   Number         0  entry10b.o ABSOLUTE
    ../clib/microlib/init/entry.s            0x00000000   Number         0  entry10a.o ABSOLUTE
    ../clib/microlib/init/entry.s            0x00000000   Number         0  entry9b.o ABSOLUTE
    ../clib/microlib/longlong.c              0x00000000   Number         0  llshl.o ABSOLUTE
    ../clib/microlib/longlong.c              0x00000000   Number         0  llsshr.o ABSOLUTE
    ../clib/microlib/longlong.c              0x00000000   Number         0  llushr.o ABSOLUTE
    ../clib/microlib/string/memcpy.c         0x00000000   Number         0  memcpya.o ABSOLUTE
    ../clib/microlib/string/memcpy.c         0x00000000   Number         0  memcpyb.o ABSOLUTE
    ../clib/microlib/stubs.s                 0x00000000   Number         0  iusefp.o ABSOLUTE
    ../fplib/microlib/fpadd.c                0x00000000   Number         0  dadd.o ABSOLUTE
    ../fplib/microlib/fpdiv.c                0x00000000   Number         0  ddiv.o ABSOLUTE
    ../fplib/microlib/fpepilogue.c           0x00000000   Number         0  depilogue.o ABSOLUTE
    ../fplib/microlib/fpfix.c                0x00000000   Number         0  dfixi.o ABSOLUTE
    ../fplib/microlib/fpflt.c                0x00000000   Number         0  dflti.o ABSOLUTE
    ../fplib/microlib/fpflt.c                0x00000000   Number         0  dfltui.o ABSOLUTE
    ../fplib/microlib/fpmul.c                0x00000000   Number         0  dmul.o ABSOLUTE
    ../fplib/microlib/fpscalb.c              0x00000000   Number         0  dscalb.o ABSOLUTE
    ../mathlib/cos.c                         0x00000000   Number         0  cos_x.o ABSOLUTE
    ../mathlib/cos.c                         0x00000000   Number         0  cos.o ABSOLUTE
    ../mathlib/cos_i.c                       0x00000000   Number         0  cos_i.o ABSOLUTE
    ../mathlib/dunder.c                      0x00000000   Number         0  dunder.o ABSOLUTE
    ../mathlib/fpclassify.c                  0x00000000   Number         0  fpclassify.o ABSOLUTE
    ../mathlib/poly.c                        0x00000000   Number         0  poly.o ABSOLUTE
    ../mathlib/rred.c                        0x00000000   Number         0  rred.o ABSOLUTE
    ../mathlib/sin.c                         0x00000000   Number         0  sin_x.o ABSOLUTE
    ../mathlib/sin.c                         0x00000000   Number         0  sin.o ABSOLUTE
    ../mathlib/sin_i.c                       0x00000000   Number         0  sin_i_x.o ABSOLUTE
    ../mathlib/sin_i.c                       0x00000000   Number         0  sin_i.o ABSOLUTE
    ..\Drivers\STM32F1xx_HAL_Driver\Src\stm32f1xx_hal.c 0x00000000   Number         0  stm32f1xx_hal.o ABSOLUTE
    ..\Drivers\STM32F1xx_HAL_Driver\Src\stm32f1xx_hal_cortex.c 0x00000000   Number         0  stm32f1xx_hal_cortex.o ABSOLUTE
    ..\Drivers\STM32F1xx_HAL_Driver\Src\stm32f1xx_hal_dma.c 0x00000000   Number         0  stm32f1xx_hal_dma.o ABSOLUTE
    ..\Drivers\STM32F1xx_HAL_Driver\Src\stm32f1xx_hal_flash.c 0x00000000   Number         0  stm32f1xx_hal_flash.o ABSOLUTE
    ..\Drivers\STM32F1xx_HAL_Driver\Src\stm32f1xx_hal_flash_ex.c 0x00000000   Number         0  stm32f1xx_hal_flash_ex.o ABSOLUTE
    ..\Drivers\STM32F1xx_HAL_Driver\Src\stm32f1xx_hal_gpio.c 0x00000000   Number         0  stm32f1xx_hal_gpio.o ABSOLUTE
    ..\Drivers\STM32F1xx_HAL_Driver\Src\stm32f1xx_hal_gpio_ex.c 0x00000000   Number         0  stm32f1xx_hal_gpio_ex.o ABSOLUTE
    ..\Drivers\STM32F1xx_HAL_Driver\Src\stm32f1xx_hal_pwr.c 0x00000000   Number         0  stm32f1xx_hal_pwr.o ABSOLUTE
    ..\Drivers\STM32F1xx_HAL_Driver\Src\stm32f1xx_hal_rcc.c 0x00000000   Number         0  stm32f1xx_hal_rcc.o ABSOLUTE
    ..\Drivers\STM32F1xx_HAL_Driver\Src\stm32f1xx_hal_rcc_ex.c 0x00000000   Number         0  stm32f1xx_hal_rcc_ex.o ABSOLUTE
    ..\Drivers\STM32F1xx_HAL_Driver\Src\stm32f1xx_hal_tim.c 0x00000000   Number         0  stm32f1xx_hal_tim.o ABSOLUTE
    ..\Drivers\STM32F1xx_HAL_Driver\Src\stm32f1xx_hal_tim_ex.c 0x00000000   Number         0  stm32f1xx_hal_tim_ex.o ABSOLUTE
    ..\Drivers\STM32F1xx_HAL_Driver\Src\stm32f1xx_hal_uart.c 0x00000000   Number         0  stm32f1xx_hal_uart.o ABSOLUTE
    ..\Middlewares\Third_Party\FreeRTOS\Source\CMSIS_RTOS\cmsis_os.c 0x00000000   Number         0  cmsis_os.o ABSOLUTE
    ..\Middlewares\Third_Party\FreeRTOS\Source\portable\RVDS\ARM_CM3\port.c 0x00000000   Number         0  port.o ABSOLUTE
    ..\Src\main.c                            0x00000000   Number         0  main.o ABSOLUTE
    ..\Src\stm32f1xx_hal_msp.c               0x00000000   Number         0  stm32f1xx_hal_msp.o ABSOLUTE
    ..\Src\stm32f1xx_hal_timebase_TIM.c      0x00000000   Number         0  stm32f1xx_hal_timebase_tim.o ABSOLUTE
    ..\Src\stm32f1xx_it.c                    0x00000000   Number         0  stm32f1xx_it.o ABSOLUTE
    ..\Src\user.c                            0x00000000   Number         0  user.o ABSOLUTE
    ..\\Src\\user.c                          0x00000000   Number         0  user.o ABSOLUTE
    ..\\Src\system_stm32f1xx.c               0x00000000   Number         0  system_stm32f1xx.o ABSOLUTE
    cdcmple.s                                0x00000000   Number         0  cdcmple.o ABSOLUTE
    dc.s                                     0x00000000   Number         0  dc.o ABSOLUTE
    handlers.s                               0x00000000   Number         0  handlers.o ABSOLUTE
    init.s                                   0x00000000   Number         0  init.o ABSOLUTE
    startup_stm32f103xb.s                    0x00000000   Number         0  startup_stm32f103xb.o ABSOLUTE
    RESET                                    0x08000000   Section      236  startup_stm32f103xb.o(RESET)
    .ARM.Collect$$$$00000000                 0x080000ec   Section        0  entry.o(.ARM.Collect$$$$00000000)
    .ARM.Collect$$$$00000001                 0x080000ec   Section        4  entry2.o(.ARM.Collect$$$$00000001)
    .ARM.Collect$$$$00000004                 0x080000f0   Section        4  entry5.o(.ARM.Collect$$$$00000004)
    .ARM.Collect$$$$00000008                 0x080000f4   Section        0  entry7b.o(.ARM.Collect$$$$00000008)
    .ARM.Collect$$$$0000000A                 0x080000f4   Section        0  entry8b.o(.ARM.Collect$$$$0000000A)
    .ARM.Collect$$$$0000000B                 0x080000f4   Section        8  entry9a.o(.ARM.Collect$$$$0000000B)
    .ARM.Collect$$$$0000000D                 0x080000fc   Section        0  entry10a.o(.ARM.Collect$$$$0000000D)
    .ARM.Collect$$$$0000000F                 0x080000fc   Section        0  entry11a.o(.ARM.Collect$$$$0000000F)
    .ARM.Collect$$$$00002712                 0x080000fc   Section        4  entry2.o(.ARM.Collect$$$$00002712)
    __lit__00000000                          0x080000fc   Data           4  entry2.o(.ARM.Collect$$$$00002712)
    .emb_text                                0x08000100   Section      150  port.o(.emb_text)
    .text                                    0x08000198   Section       36  startup_stm32f103xb.o(.text)
    .text                                    0x080001bc   Section        0  llushr.o(.text)
    .text                                    0x080001dc   Section        0  memcpya.o(.text)
    .text                                    0x08000200   Section        0  dadd.o(.text)
    .text                                    0x0800034e   Section        0  dmul.o(.text)
    .text                                    0x08000432   Section        0  dscalb.o(.text)
    .text                                    0x08000460   Section        0  dflti.o(.text)
    .text                                    0x08000482   Section        0  dfixi.o(.text)
    .text                                    0x080004c0   Section        0  llshl.o(.text)
    .text                                    0x080004de   Section        0  llsshr.o(.text)
    .text                                    0x08000502   Section        0  iusefp.o(.text)
    .text                                    0x08000502   Section        0  depilogue.o(.text)
    .text                                    0x080005bc   Section       36  init.o(.text)
    i.BusFault_Handler                       0x080005e0   Section        0  stm32f1xx_it.o(i.BusFault_Handler)
    i.DebugMon_Handler                       0x080005e2   Section        0  stm32f1xx_it.o(i.DebugMon_Handler)
    i.HAL_DMA_Abort_IT                       0x080005e4   Section        0  stm32f1xx_hal_dma.o(i.HAL_DMA_Abort_IT)
    i.HAL_GPIO_Init                          0x0800067c   Section        0  stm32f1xx_hal_gpio.o(i.HAL_GPIO_Init)
    i.HAL_GPIO_WritePin                      0x08000838   Section        0  stm32f1xx_hal_gpio.o(i.HAL_GPIO_WritePin)
    i.HAL_GetTick                            0x08000844   Section        0  stm32f1xx_hal.o(i.HAL_GetTick)
    i.HAL_IncTick                            0x08000850   Section        0  stm32f1xx_hal.o(i.HAL_IncTick)
    i.HAL_Init                               0x08000860   Section        0  stm32f1xx_hal.o(i.HAL_Init)
    i.HAL_InitTick                           0x08000884   Section        0  stm32f1xx_hal_timebase_tim.o(i.HAL_InitTick)
    i.HAL_MspInit                            0x080008f8   Section        0  stm32f1xx_hal_msp.o(i.HAL_MspInit)
    i.HAL_NVIC_EnableIRQ                     0x08000988   Section        0  stm32f1xx_hal_cortex.o(i.HAL_NVIC_EnableIRQ)
    i.HAL_NVIC_SetPriority                   0x080009a0   Section        0  stm32f1xx_hal_cortex.o(i.HAL_NVIC_SetPriority)
    i.HAL_NVIC_SetPriorityGrouping           0x080009e0   Section        0  stm32f1xx_hal_cortex.o(i.HAL_NVIC_SetPriorityGrouping)
    i.HAL_RCC_ClockConfig                    0x08000a04   Section        0  stm32f1xx_hal_rcc.o(i.HAL_RCC_ClockConfig)
    i.HAL_RCC_GetClockConfig                 0x08000b58   Section        0  stm32f1xx_hal_rcc.o(i.HAL_RCC_GetClockConfig)
    i.HAL_RCC_GetHCLKFreq                    0x08000b98   Section        0  stm32f1xx_hal_rcc.o(i.HAL_RCC_GetHCLKFreq)
    i.HAL_RCC_GetPCLK1Freq                   0x08000ba4   Section        0  stm32f1xx_hal_rcc.o(i.HAL_RCC_GetPCLK1Freq)
    i.HAL_RCC_GetPCLK2Freq                   0x08000bc4   Section        0  stm32f1xx_hal_rcc.o(i.HAL_RCC_GetPCLK2Freq)
    i.HAL_RCC_GetSysClockFreq                0x08000be4   Section        0  stm32f1xx_hal_rcc.o(i.HAL_RCC_GetSysClockFreq)
    i.HAL_RCC_OscConfig                      0x08000c50   Section        0  stm32f1xx_hal_rcc.o(i.HAL_RCC_OscConfig)
    i.HAL_SYSTICK_CLKSourceConfig            0x08000f54   Section        0  stm32f1xx_hal_cortex.o(i.HAL_SYSTICK_CLKSourceConfig)
    i.HAL_SYSTICK_Config                     0x08000f6c   Section        0  stm32f1xx_hal_cortex.o(i.HAL_SYSTICK_Config)
    i.HAL_TIMEx_BreakCallback                0x08000f94   Section        0  stm32f1xx_hal_tim_ex.o(i.HAL_TIMEx_BreakCallback)
    i.HAL_TIMEx_CommutationCallback          0x08000f96   Section        0  stm32f1xx_hal_tim_ex.o(i.HAL_TIMEx_CommutationCallback)
    i.HAL_TIMEx_MasterConfigSynchronization  0x08000f98   Section        0  stm32f1xx_hal_tim_ex.o(i.HAL_TIMEx_MasterConfigSynchronization)
    i.HAL_TIM_Base_Init                      0x08000fe8   Section        0  stm32f1xx_hal_tim.o(i.HAL_TIM_Base_Init)
    i.HAL_TIM_Base_MspInit                   0x08001020   Section        0  stm32f1xx_hal_msp.o(i.HAL_TIM_Base_MspInit)
    i.HAL_TIM_Base_Start                     0x0800108c   Section        0  stm32f1xx_hal_tim.o(i.HAL_TIM_Base_Start)
    i.HAL_TIM_Base_Start_IT                  0x080010a6   Section        0  stm32f1xx_hal_tim.o(i.HAL_TIM_Base_Start_IT)
    i.HAL_TIM_ConfigClockSource              0x080010be   Section        0  stm32f1xx_hal_tim.o(i.HAL_TIM_ConfigClockSource)
    i.HAL_TIM_IC_CaptureCallback             0x080011b0   Section        0  stm32f1xx_hal_tim.o(i.HAL_TIM_IC_CaptureCallback)
    i.HAL_TIM_IRQHandler                     0x080011b2   Section        0  stm32f1xx_hal_tim.o(i.HAL_TIM_IRQHandler)
    i.HAL_TIM_MspPostInit                    0x08001318   Section        0  stm32f1xx_hal_msp.o(i.HAL_TIM_MspPostInit)
    i.HAL_TIM_OC_DelayElapsedCallback        0x08001368   Section        0  stm32f1xx_hal_tim.o(i.HAL_TIM_OC_DelayElapsedCallback)
    i.HAL_TIM_PWM_ConfigChannel              0x0800136a   Section        0  stm32f1xx_hal_tim.o(i.HAL_TIM_PWM_ConfigChannel)
    i.HAL_TIM_PWM_Init                       0x0800143a   Section        0  stm32f1xx_hal_tim.o(i.HAL_TIM_PWM_Init)
    i.HAL_TIM_PWM_MspInit                    0x08001470   Section        0  stm32f1xx_hal_tim.o(i.HAL_TIM_PWM_MspInit)
    i.HAL_TIM_PWM_PulseFinishedCallback      0x08001472   Section        0  stm32f1xx_hal_tim.o(i.HAL_TIM_PWM_PulseFinishedCallback)
    i.HAL_TIM_PWM_Start                      0x08001474   Section        0  stm32f1xx_hal_tim.o(i.HAL_TIM_PWM_Start)
    i.HAL_TIM_PeriodElapsedCallback          0x080014a4   Section        0  main.o(i.HAL_TIM_PeriodElapsedCallback)
    i.HAL_TIM_TriggerCallback                0x080014d8   Section        0  stm32f1xx_hal_tim.o(i.HAL_TIM_TriggerCallback)
    i.HAL_UART_ErrorCallback                 0x080014da   Section        0  stm32f1xx_hal_uart.o(i.HAL_UART_ErrorCallback)
    i.HAL_UART_IRQHandler                    0x080014dc   Section        0  stm32f1xx_hal_uart.o(i.HAL_UART_IRQHandler)
    i.HAL_UART_Init                          0x080015ec   Section        0  stm32f1xx_hal_uart.o(i.HAL_UART_Init)
    i.HAL_UART_MspInit                       0x08001650   Section        0  stm32f1xx_hal_msp.o(i.HAL_UART_MspInit)
    i.HAL_UART_Receive                       0x080016b8   Section        0  stm32f1xx_hal_uart.o(i.HAL_UART_Receive)
    i.HAL_UART_RxCpltCallback                0x08001770   Section        0  stm32f1xx_hal_uart.o(i.HAL_UART_RxCpltCallback)
    i.HAL_UART_Transmit                      0x08001772   Section        0  stm32f1xx_hal_uart.o(i.HAL_UART_Transmit)
    i.HAL_UART_TxCpltCallback                0x0800182c   Section        0  stm32f1xx_hal_uart.o(i.HAL_UART_TxCpltCallback)
    i.HardFault_Handler                      0x0800182e   Section        0  stm32f1xx_it.o(i.HardFault_Handler)
    i.MX_GPIO_Init                           0x08001830   Section        0  main.o(i.MX_GPIO_Init)
    MX_GPIO_Init                             0x08001831   Thumb Code   188  main.o(i.MX_GPIO_Init)
    i.MX_TIM1_Init                           0x080018fc   Section        0  main.o(i.MX_TIM1_Init)
    MX_TIM1_Init                             0x080018fd   Thumb Code    78  main.o(i.MX_TIM1_Init)
    i.MX_TIM2_Init                           0x08001954   Section        0  main.o(i.MX_TIM2_Init)
    MX_TIM2_Init                             0x08001955   Thumb Code   162  main.o(i.MX_TIM2_Init)
    i.MX_TIM3_Init                           0x080019fc   Section        0  main.o(i.MX_TIM3_Init)
    MX_TIM3_Init                             0x080019fd   Thumb Code   178  main.o(i.MX_TIM3_Init)
    i.MemManage_Handler                      0x08001ab8   Section        0  stm32f1xx_it.o(i.MemManage_Handler)
    i.MotorCtrlInit                          0x08001abc   Section        0  user.o(i.MotorCtrlInit)
    i.MotorCtrlLoop                          0x08001b08   Section        0  user.o(i.MotorCtrlLoop)
    i.MotorPID                               0x08001b84   Section        0  user.o(i.MotorPID)
    i.MotorPIDInit                           0x08001bf0   Section        0  user.o(i.MotorPIDInit)
    i.NMI_Handler                            0x08001c58   Section        0  stm32f1xx_it.o(i.NMI_Handler)
    i.NVIC_SetPriority                       0x08001c5a   Section        0  stm32f1xx_hal_cortex.o(i.NVIC_SetPriority)
    NVIC_SetPriority                         0x08001c5b   Thumb Code    32  stm32f1xx_hal_cortex.o(i.NVIC_SetPriority)
    i.ReceiveDatas                           0x08001c7c   Section        0  user.o(i.ReceiveDatas)
    i.ServoChangePWM                         0x08001d98   Section        0  user.o(i.ServoChangePWM)
    i.StartDefaultTask                       0x08001e70   Section        0  main.o(i.StartDefaultTask)
    i.SysTick_Handler                        0x08001e94   Section        0  stm32f1xx_it.o(i.SysTick_Handler)
    i.SystemClock_Config                     0x08001e98   Section        0  main.o(i.SystemClock_Config)
    i.SystemInit                             0x08001f00   Section        0  system_stm32f1xx.o(i.SystemInit)
    i.TIM1_UP_IRQHandler                     0x08001f48   Section        0  stm32f1xx_it.o(i.TIM1_UP_IRQHandler)
    i.TIM4_IRQHandler                        0x08001f54   Section        0  stm32f1xx_it.o(i.TIM4_IRQHandler)
    i.TIM_Base_SetConfig                     0x08001f60   Section        0  stm32f1xx_hal_tim.o(i.TIM_Base_SetConfig)
    i.TIM_CCxChannelCmd                      0x08001fcc   Section        0  stm32f1xx_hal_tim.o(i.TIM_CCxChannelCmd)
    i.TIM_ETR_SetConfig                      0x08001fe2   Section        0  stm32f1xx_hal_tim.o(i.TIM_ETR_SetConfig)
    TIM_ETR_SetConfig                        0x08001fe3   Thumb Code    20  stm32f1xx_hal_tim.o(i.TIM_ETR_SetConfig)
    i.TIM_ITRx_SetConfig                     0x08001ff6   Section        0  stm32f1xx_hal_tim.o(i.TIM_ITRx_SetConfig)
    TIM_ITRx_SetConfig                       0x08001ff7   Thumb Code    16  stm32f1xx_hal_tim.o(i.TIM_ITRx_SetConfig)
    i.TIM_OC1_SetConfig                      0x08002008   Section        0  stm32f1xx_hal_tim.o(i.TIM_OC1_SetConfig)
    TIM_OC1_SetConfig                        0x08002009   Thumb Code    74  stm32f1xx_hal_tim.o(i.TIM_OC1_SetConfig)
    i.TIM_OC2_SetConfig                      0x08002058   Section        0  stm32f1xx_hal_tim.o(i.TIM_OC2_SetConfig)
    i.TIM_OC3_SetConfig                      0x080020b0   Section        0  stm32f1xx_hal_tim.o(i.TIM_OC3_SetConfig)
    TIM_OC3_SetConfig                        0x080020b1   Thumb Code    82  stm32f1xx_hal_tim.o(i.TIM_OC3_SetConfig)
    i.TIM_OC4_SetConfig                      0x08002108   Section        0  stm32f1xx_hal_tim.o(i.TIM_OC4_SetConfig)
    TIM_OC4_SetConfig                        0x08002109   Thumb Code    64  stm32f1xx_hal_tim.o(i.TIM_OC4_SetConfig)
    i.TIM_TI1_ConfigInputStage               0x0800214c   Section        0  stm32f1xx_hal_tim.o(i.TIM_TI1_ConfigInputStage)
    TIM_TI1_ConfigInputStage                 0x0800214d   Thumb Code    34  stm32f1xx_hal_tim.o(i.TIM_TI1_ConfigInputStage)
    i.TIM_TI2_ConfigInputStage               0x0800216e   Section        0  stm32f1xx_hal_tim.o(i.TIM_TI2_ConfigInputStage)
    TIM_TI2_ConfigInputStage                 0x0800216f   Thumb Code    36  stm32f1xx_hal_tim.o(i.TIM_TI2_ConfigInputStage)
    i.TaskMotorSpeed                         0x08002192   Section        0  main.o(i.TaskMotorSpeed)
    i.UART_DMAAbortOnError                   0x08002198   Section        0  stm32f1xx_hal_uart.o(i.UART_DMAAbortOnError)
    UART_DMAAbortOnError                     0x08002199   Thumb Code    16  stm32f1xx_hal_uart.o(i.UART_DMAAbortOnError)
    i.UART_EndRxTransfer                     0x080021a8   Section        0  stm32f1xx_hal_uart.o(i.UART_EndRxTransfer)
    UART_EndRxTransfer                       0x080021a9   Thumb Code    28  stm32f1xx_hal_uart.o(i.UART_EndRxTransfer)
    i.UART_Receive_IT                        0x080021c4   Section        0  stm32f1xx_hal_uart.o(i.UART_Receive_IT)
    UART_Receive_IT                          0x080021c5   Thumb Code   150  stm32f1xx_hal_uart.o(i.UART_Receive_IT)
    i.UART_SetConfig                         0x0800225c   Section        0  stm32f1xx_hal_uart.o(i.UART_SetConfig)
    UART_SetConfig                           0x0800225d   Thumb Code   364  stm32f1xx_hal_uart.o(i.UART_SetConfig)
    i.UART_Transmit_IT                       0x080023cc   Section        0  stm32f1xx_hal_uart.o(i.UART_Transmit_IT)
    UART_Transmit_IT                         0x080023cd   Thumb Code    98  stm32f1xx_hal_uart.o(i.UART_Transmit_IT)
    i.UART_WaitOnFlagUntilTimeout            0x0800242e   Section        0  stm32f1xx_hal_uart.o(i.UART_WaitOnFlagUntilTimeout)
    UART_WaitOnFlagUntilTimeout              0x0800242f   Thumb Code   100  stm32f1xx_hal_uart.o(i.UART_WaitOnFlagUntilTimeout)
    i.USART1_IRQHandler                      0x08002494   Section        0  stm32f1xx_it.o(i.USART1_IRQHandler)
    i.UsageFault_Handler                     0x080024a0   Section        0  stm32f1xx_it.o(i.UsageFault_Handler)
    i.__scatterload_copy                     0x080024a2   Section       14  handlers.o(i.__scatterload_copy)
    i.__scatterload_null                     0x080024b0   Section        2  handlers.o(i.__scatterload_null)
    i.__scatterload_zeroinit                 0x080024b2   Section       14  handlers.o(i.__scatterload_zeroinit)
    i.funPID                                 0x080024c0   Section        0  user.o(i.funPID)
    i.main                                   0x08002544   Section        0  main.o(i.main)
    i.makeFreeRtosPriority                   0x0800263c   Section        0  cmsis_os.o(i.makeFreeRtosPriority)
    makeFreeRtosPriority                     0x0800263d   Thumb Code    12  cmsis_os.o(i.makeFreeRtosPriority)
    i.osDelay                                0x08002648   Section        0  cmsis_os.o(i.osDelay)
    i.osKernelStart                          0x08002656   Section        0  cmsis_os.o(i.osKernelStart)
    i.osSystickHandler                       0x08002660   Section        0  cmsis_os.o(i.osSystickHandler)
    i.osThreadCreate                         0x08002674   Section        0  cmsis_os.o(i.osThreadCreate)
    i.prvAddCurrentTaskToDelayedList         0x080026a4   Section        0  tasks.o(i.prvAddCurrentTaskToDelayedList)
    prvAddCurrentTaskToDelayedList           0x080026a5   Thumb Code   102  tasks.o(i.prvAddCurrentTaskToDelayedList)
    i.prvAddNewTaskToReadyList               0x08002714   Section        0  tasks.o(i.prvAddNewTaskToReadyList)
    prvAddNewTaskToReadyList                 0x08002715   Thumb Code   194  tasks.o(i.prvAddNewTaskToReadyList)
    i.prvCheckTasksWaitingTermination        0x080027e4   Section        0  tasks.o(i.prvCheckTasksWaitingTermination)
    prvCheckTasksWaitingTermination          0x080027e5   Thumb Code    70  tasks.o(i.prvCheckTasksWaitingTermination)
    i.prvDeleteTCB                           0x08002834   Section        0  tasks.o(i.prvDeleteTCB)
    prvDeleteTCB                             0x08002835   Thumb Code    20  tasks.o(i.prvDeleteTCB)
    i.prvHeapInit                            0x08002848   Section        0  heap_4.o(i.prvHeapInit)
    prvHeapInit                              0x08002849   Thumb Code    66  heap_4.o(i.prvHeapInit)
    i.prvIdleTask                            0x08002894   Section        0  tasks.o(i.prvIdleTask)
    prvIdleTask                              0x08002895   Thumb Code    30  tasks.o(i.prvIdleTask)
    i.prvInitialiseNewTask                   0x080028bc   Section        0  tasks.o(i.prvInitialiseNewTask)
    prvInitialiseNewTask                     0x080028bd   Thumb Code   142  tasks.o(i.prvInitialiseNewTask)
    i.prvInsertBlockIntoFreeList             0x0800294c   Section        0  heap_4.o(i.prvInsertBlockIntoFreeList)
    prvInsertBlockIntoFreeList               0x0800294d   Thumb Code    72  heap_4.o(i.prvInsertBlockIntoFreeList)
    i.prvResetNextTaskUnblockTime            0x08002998   Section        0  tasks.o(i.prvResetNextTaskUnblockTime)
    prvResetNextTaskUnblockTime              0x08002999   Thumb Code    26  tasks.o(i.prvResetNextTaskUnblockTime)
    i.prvTaskExitError                       0x080029b8   Section        0  port.o(i.prvTaskExitError)
    prvTaskExitError                         0x080029b9   Thumb Code    36  port.o(i.prvTaskExitError)
    i.pvPortMalloc                           0x080029e0   Section        0  heap_4.o(i.pvPortMalloc)
    i.pxPortInitialiseStack                  0x08002ab8   Section        0  port.o(i.pxPortInitialiseStack)
    i.uxListRemove                           0x08002adc   Section        0  list.o(i.uxListRemove)
    i.vListInitialise                        0x08002b00   Section        0  list.o(i.vListInitialise)
    i.vListInitialiseItem                    0x08002b16   Section        0  list.o(i.vListInitialiseItem)
    i.vListInsert                            0x08002b1c   Section        0  list.o(i.vListInsert)
    i.vListInsertEnd                         0x08002b4c   Section        0  list.o(i.vListInsertEnd)
    i.vPortEnterCritical                     0x08002b64   Section        0  port.o(i.vPortEnterCritical)
    i.vPortExitCritical                      0x08002ba4   Section        0  port.o(i.vPortExitCritical)
    i.vPortFree                              0x08002bcc   Section        0  heap_4.o(i.vPortFree)
    i.vPortSetupTimerInterrupt               0x08002c28   Section        0  port.o(i.vPortSetupTimerInterrupt)
    i.vTaskDelay                             0x08002c48   Section        0  tasks.o(i.vTaskDelay)
    i.vTaskStartScheduler                    0x08002c94   Section        0  tasks.o(i.vTaskStartScheduler)
    i.vTaskSuspendAll                        0x08002cfc   Section        0  tasks.o(i.vTaskSuspendAll)
    i.vTaskSwitchContext                     0x08002d0c   Section        0  tasks.o(i.vTaskSwitchContext)
    i.xPortStartScheduler                    0x08002d68   Section        0  port.o(i.xPortStartScheduler)
    i.xPortSysTickHandler                    0x08002ddc   Section        0  port.o(i.xPortSysTickHandler)
    i.xTaskCreate                            0x08002e08   Section        0  tasks.o(i.xTaskCreate)
    i.xTaskGetSchedulerState                 0x08002e60   Section        0  tasks.o(i.xTaskGetSchedulerState)
    i.xTaskIncrementTick                     0x08002e7c   Section        0  tasks.o(i.xTaskIncrementTick)
    i.xTaskResumeAll                         0x08002f44   Section        0  tasks.o(i.xTaskResumeAll)
    .constdata                               0x08003008   Section       32  user.o(.constdata)
    .constdata                               0x08003028   Section       40  main.o(.constdata)
    .constdata                               0x08003050   Section       16  system_stm32f1xx.o(.constdata)
    .constdata                               0x08003060   Section        8  system_stm32f1xx.o(.constdata)
    .conststring                             0x08003068   Section       24  main.o(.conststring)
    .data                                    0x20000000   Section       34  user.o(.data)
    t                                        0x20000002   Data           1  user.o(.data)
    .data                                    0x20000024   Section        8  main.o(.data)
    .data                                    0x2000002c   Section       12  stm32f1xx_hal.o(.data)
    .data                                    0x20000038   Section        4  system_stm32f1xx.o(.data)
    .data                                    0x2000003c   Section       24  heap_4.o(.data)
    pxEnd                                    0x2000003c   Data           4  heap_4.o(.data)
    xFreeBytesRemaining                      0x20000040   Data           4  heap_4.o(.data)
    xMinimumEverFreeBytesRemaining           0x20000044   Data           4  heap_4.o(.data)
    xBlockAllocatedBit                       0x20000048   Data           4  heap_4.o(.data)
    xStart                                   0x2000004c   Data           8  heap_4.o(.data)
    .data                                    0x20000054   Section       12  port.o(.data)
    ucMaxSysCallPriority                     0x20000054   Data           1  port.o(.data)
    uxCriticalNesting                        0x20000058   Data           4  port.o(.data)
    ulMaxPRIGROUPValue                       0x2000005c   Data           4  port.o(.data)
    .data                                    0x20000060   Section       60  tasks.o(.data)
    uxDeletedTasksWaitingCleanUp             0x20000064   Data           4  tasks.o(.data)
    uxCurrentNumberOfTasks                   0x20000068   Data           4  tasks.o(.data)
    xTickCount                               0x2000006c   Data           4  tasks.o(.data)
    uxTopReadyPriority                       0x20000070   Data           4  tasks.o(.data)
    xSchedulerRunning                        0x20000074   Data           4  tasks.o(.data)
    uxPendedTicks                            0x20000078   Data           4  tasks.o(.data)
    xYieldPending                            0x2000007c   Data           4  tasks.o(.data)
    xNumOfOverflows                          0x20000080   Data           4  tasks.o(.data)
    uxTaskNumber                             0x20000084   Data           4  tasks.o(.data)
    xNextTaskUnblockTime                     0x20000088   Data           4  tasks.o(.data)
    xIdleTaskHandle                          0x2000008c   Data           4  tasks.o(.data)
    uxSchedulerSuspended                     0x20000090   Data           4  tasks.o(.data)
    pxDelayedTaskList                        0x20000094   Data           4  tasks.o(.data)
    pxOverflowDelayedTaskList                0x20000098   Data           4  tasks.o(.data)
    .bss                                     0x200000a0   Section      112  user.o(.bss)
    .bss                                     0x20000110   Section      256  main.o(.bss)
    .bss                                     0x20000210   Section       64  stm32f1xx_hal_timebase_tim.o(.bss)
    .bss                                     0x20000250   Section     3072  heap_4.o(.bss)
    ucHeap                                   0x20000250   Data        3072  heap_4.o(.bss)
    .bss                                     0x20000e50   Section      240  tasks.o(.bss)
    pxReadyTasksLists                        0x20000e50   Data         140  tasks.o(.bss)
    xDelayedTaskList1                        0x20000edc   Data          20  tasks.o(.bss)
    xDelayedTaskList2                        0x20000ef0   Data          20  tasks.o(.bss)
    xPendingReadyList                        0x20000f04   Data          20  tasks.o(.bss)
    xTasksWaitingTermination                 0x20000f18   Data          20  tasks.o(.bss)
    xSuspendedTaskList                       0x20000f2c   Data          20  tasks.o(.bss)
    STACK                                    0x20000f40   Section     1024  startup_stm32f103xb.o(STACK)

    Global Symbols

    Symbol Name                              Value     Ov Type        Size  Object(Section)

    BuildAttributes$$THM_ISAv4$P$D$K$B$S$PE$A:L22UL41UL21$X:L11$S22US41US21$IEEE1$IW$USESV6$~STKCKD$USESV7$~SHL$OTIME$ROPI$IEEEX$EBA8$MICROLIB$REQ8$PRES8$EABIv2 0x00000000   Number         0  anon$$obj.o ABSOLUTE
    __ARM_use_no_argv                        0x00000000   Number         0  main.o ABSOLUTE
    __cpp_initialize__aeabi_                  - Undefined Weak Reference
    __cxa_finalize                            - Undefined Weak Reference
    __decompress                              - Undefined Weak Reference
    _clock_init                               - Undefined Weak Reference
    _microlib_exit                            - Undefined Weak Reference
    __Vectors_Size                           0x000000ec   Number         0  startup_stm32f103xb.o ABSOLUTE
    __Vectors                                0x08000000   Data           4  startup_stm32f103xb.o(RESET)
    __Vectors_End                            0x080000ec   Data           0  startup_stm32f103xb.o(RESET)
    __main                                   0x080000ed   Thumb Code     0  entry.o(.ARM.Collect$$$$00000000)
    _main_stk                                0x080000ed   Thumb Code     0  entry2.o(.ARM.Collect$$$$00000001)
    _main_scatterload                        0x080000f1   Thumb Code     0  entry5.o(.ARM.Collect$$$$00000004)
    __main_after_scatterload                 0x080000f5   Thumb Code     0  entry5.o(.ARM.Collect$$$$00000004)
    _main_clock                              0x080000f5   Thumb Code     0  entry7b.o(.ARM.Collect$$$$00000008)
    _main_cpp_init                           0x080000f5   Thumb Code     0  entry8b.o(.ARM.Collect$$$$0000000A)
    _main_init                               0x080000f5   Thumb Code     0  entry9a.o(.ARM.Collect$$$$0000000B)
    __rt_final_cpp                           0x080000fd   Thumb Code     0  entry10a.o(.ARM.Collect$$$$0000000D)
    __rt_final_exit                          0x080000fd   Thumb Code     0  entry11a.o(.ARM.Collect$$$$0000000F)
    SVC_Handler                              0x08000101   Thumb Code    32  port.o(.emb_text)
    __asm___6_port_c_39a90d8d__prvStartFirstTask 0x08000125   Thumb Code    28  port.o(.emb_text)
    PendSV_Handler                           0x08000145   Thumb Code    72  port.o(.emb_text)
    vPortGetIPSR                             0x08000191   Thumb Code     6  port.o(.emb_text)
    Reset_Handler                            0x08000199   Thumb Code     8  startup_stm32f103xb.o(.text)
    ADC1_2_IRQHandler                        0x080001b3   Thumb Code     0  startup_stm32f103xb.o(.text)
    CAN1_RX1_IRQHandler                      0x080001b3   Thumb Code     0  startup_stm32f103xb.o(.text)
    CAN1_SCE_IRQHandler                      0x080001b3   Thumb Code     0  startup_stm32f103xb.o(.text)
    DMA1_Channel1_IRQHandler                 0x080001b3   Thumb Code     0  startup_stm32f103xb.o(.text)
    DMA1_Channel2_IRQHandler                 0x080001b3   Thumb Code     0  startup_stm32f103xb.o(.text)
    DMA1_Channel3_IRQHandler                 0x080001b3   Thumb Code     0  startup_stm32f103xb.o(.text)
    DMA1_Channel4_IRQHandler                 0x080001b3   Thumb Code     0  startup_stm32f103xb.o(.text)
    DMA1_Channel5_IRQHandler                 0x080001b3   Thumb Code     0  startup_stm32f103xb.o(.text)
    DMA1_Channel6_IRQHandler                 0x080001b3   Thumb Code     0  startup_stm32f103xb.o(.text)
    DMA1_Channel7_IRQHandler                 0x080001b3   Thumb Code     0  startup_stm32f103xb.o(.text)
    EXTI0_IRQHandler                         0x080001b3   Thumb Code     0  startup_stm32f103xb.o(.text)
    EXTI15_10_IRQHandler                     0x080001b3   Thumb Code     0  startup_stm32f103xb.o(.text)
    EXTI1_IRQHandler                         0x080001b3   Thumb Code     0  startup_stm32f103xb.o(.text)
    EXTI2_IRQHandler                         0x080001b3   Thumb Code     0  startup_stm32f103xb.o(.text)
    EXTI3_IRQHandler                         0x080001b3   Thumb Code     0  startup_stm32f103xb.o(.text)
    EXTI4_IRQHandler                         0x080001b3   Thumb Code     0  startup_stm32f103xb.o(.text)
    EXTI9_5_IRQHandler                       0x080001b3   Thumb Code     0  startup_stm32f103xb.o(.text)
    FLASH_IRQHandler                         0x080001b3   Thumb Code     0  startup_stm32f103xb.o(.text)
    I2C1_ER_IRQHandler                       0x080001b3   Thumb Code     0  startup_stm32f103xb.o(.text)
    I2C1_EV_IRQHandler                       0x080001b3   Thumb Code     0  startup_stm32f103xb.o(.text)
    I2C2_ER_IRQHandler                       0x080001b3   Thumb Code     0  startup_stm32f103xb.o(.text)
    I2C2_EV_IRQHandler                       0x080001b3   Thumb Code     0  startup_stm32f103xb.o(.text)
    PVD_IRQHandler                           0x080001b3   Thumb Code     0  startup_stm32f103xb.o(.text)
    RCC_IRQHandler                           0x080001b3   Thumb Code     0  startup_stm32f103xb.o(.text)
    RTC_Alarm_IRQHandler                     0x080001b3   Thumb Code     0  startup_stm32f103xb.o(.text)
    RTC_IRQHandler                           0x080001b3   Thumb Code     0  startup_stm32f103xb.o(.text)
    SPI1_IRQHandler                          0x080001b3   Thumb Code     0  startup_stm32f103xb.o(.text)
    SPI2_IRQHandler                          0x080001b3   Thumb Code     0  startup_stm32f103xb.o(.text)
    TAMPER_IRQHandler                        0x080001b3   Thumb Code     0  startup_stm32f103xb.o(.text)
    TIM1_BRK_IRQHandler                      0x080001b3   Thumb Code     0  startup_stm32f103xb.o(.text)
    TIM1_CC_IRQHandler                       0x080001b3   Thumb Code     0  startup_stm32f103xb.o(.text)
    TIM1_TRG_COM_IRQHandler                  0x080001b3   Thumb Code     0  startup_stm32f103xb.o(.text)
    TIM2_IRQHandler                          0x080001b3   Thumb Code     0  startup_stm32f103xb.o(.text)
    TIM3_IRQHandler                          0x080001b3   Thumb Code     0  startup_stm32f103xb.o(.text)
    USART2_IRQHandler                        0x080001b3   Thumb Code     0  startup_stm32f103xb.o(.text)
    USART3_IRQHandler                        0x080001b3   Thumb Code     0  startup_stm32f103xb.o(.text)
    USBWakeUp_IRQHandler                     0x080001b3   Thumb Code     0  startup_stm32f103xb.o(.text)
    USB_HP_CAN1_TX_IRQHandler                0x080001b3   Thumb Code     0  startup_stm32f103xb.o(.text)
    USB_LP_CAN1_RX0_IRQHandler               0x080001b3   Thumb Code     0  startup_stm32f103xb.o(.text)
    WWDG_IRQHandler                          0x080001b3   Thumb Code     0  startup_stm32f103xb.o(.text)
    __aeabi_llsr                             0x080001bd   Thumb Code    32  llushr.o(.text)
    _ll_ushift_r                             0x080001bd   Thumb Code     0  llushr.o(.text)
    __aeabi_memcpy                           0x080001dd   Thumb Code    36  memcpya.o(.text)
    __aeabi_memcpy4                          0x080001dd   Thumb Code     0  memcpya.o(.text)
    __aeabi_memcpy8                          0x080001dd   Thumb Code     0  memcpya.o(.text)
    __aeabi_dadd                             0x08000201   Thumb Code   322  dadd.o(.text)
    __aeabi_dsub                             0x08000343   Thumb Code     6  dadd.o(.text)
    __aeabi_drsub                            0x08000349   Thumb Code     6  dadd.o(.text)
    __aeabi_dmul                             0x0800034f   Thumb Code   228  dmul.o(.text)
    __ARM_scalbn                             0x08000433   Thumb Code    46  dscalb.o(.text)
    scalbn                                   0x08000433   Thumb Code     0  dscalb.o(.text)
    __aeabi_i2d                              0x08000461   Thumb Code    34  dflti.o(.text)
    __aeabi_d2iz                             0x08000483   Thumb Code    62  dfixi.o(.text)
    __aeabi_llsl                             0x080004c1   Thumb Code    30  llshl.o(.text)
    _ll_shift_l                              0x080004c1   Thumb Code     0  llshl.o(.text)
    __aeabi_lasr                             0x080004df   Thumb Code    36  llsshr.o(.text)
    _ll_sshift_r                             0x080004df   Thumb Code     0  llsshr.o(.text)
    __I$use$fp                               0x08000503   Thumb Code     0  iusefp.o(.text)
    _double_round                            0x08000503   Thumb Code    30  depilogue.o(.text)
    _double_epilogue                         0x08000521   Thumb Code   156  depilogue.o(.text)
    __scatterload                            0x080005bd   Thumb Code    28  init.o(.text)
    __scatterload_rt2                        0x080005bd   Thumb Code     0  init.o(.text)
    BusFault_Handler                         0x080005e1   Thumb Code     2  stm32f1xx_it.o(i.BusFault_Handler)
    DebugMon_Handler                         0x080005e3   Thumb Code     2  stm32f1xx_it.o(i.DebugMon_Handler)
    HAL_DMA_Abort_IT                         0x080005e5   Thumb Code   148  stm32f1xx_hal_dma.o(i.HAL_DMA_Abort_IT)
    HAL_GPIO_Init                            0x0800067d   Thumb Code   408  stm32f1xx_hal_gpio.o(i.HAL_GPIO_Init)
    HAL_GPIO_WritePin                        0x08000839   Thumb Code    10  stm32f1xx_hal_gpio.o(i.HAL_GPIO_WritePin)
    HAL_GetTick                              0x08000845   Thumb Code     6  stm32f1xx_hal.o(i.HAL_GetTick)
    HAL_IncTick                              0x08000851   Thumb Code    12  stm32f1xx_hal.o(i.HAL_IncTick)
    HAL_Init                                 0x08000861   Thumb Code    32  stm32f1xx_hal.o(i.HAL_Init)
    HAL_InitTick                             0x08000885   Thumb Code   100  stm32f1xx_hal_timebase_tim.o(i.HAL_InitTick)
    HAL_MspInit                              0x080008f9   Thumb Code   134  stm32f1xx_hal_msp.o(i.HAL_MspInit)
    HAL_NVIC_EnableIRQ                       0x08000989   Thumb Code    22  stm32f1xx_hal_cortex.o(i.HAL_NVIC_EnableIRQ)
    HAL_NVIC_SetPriority                     0x080009a1   Thumb Code    60  stm32f1xx_hal_cortex.o(i.HAL_NVIC_SetPriority)
    HAL_NVIC_SetPriorityGrouping             0x080009e1   Thumb Code    26  stm32f1xx_hal_cortex.o(i.HAL_NVIC_SetPriorityGrouping)
    HAL_RCC_ClockConfig                      0x08000a05   Thumb Code   322  stm32f1xx_hal_rcc.o(i.HAL_RCC_ClockConfig)
    HAL_RCC_GetClockConfig                   0x08000b59   Thumb Code    54  stm32f1xx_hal_rcc.o(i.HAL_RCC_GetClockConfig)
    HAL_RCC_GetHCLKFreq                      0x08000b99   Thumb Code     6  stm32f1xx_hal_rcc.o(i.HAL_RCC_GetHCLKFreq)
    HAL_RCC_GetPCLK1Freq                     0x08000ba5   Thumb Code    20  stm32f1xx_hal_rcc.o(i.HAL_RCC_GetPCLK1Freq)
    HAL_RCC_GetPCLK2Freq                     0x08000bc5   Thumb Code    20  stm32f1xx_hal_rcc.o(i.HAL_RCC_GetPCLK2Freq)
    HAL_RCC_GetSysClockFreq                  0x08000be5   Thumb Code    74  stm32f1xx_hal_rcc.o(i.HAL_RCC_GetSysClockFreq)
    HAL_RCC_OscConfig                        0x08000c51   Thumb Code   750  stm32f1xx_hal_rcc.o(i.HAL_RCC_OscConfig)
    HAL_SYSTICK_CLKSourceConfig              0x08000f55   Thumb Code    24  stm32f1xx_hal_cortex.o(i.HAL_SYSTICK_CLKSourceConfig)
    HAL_SYSTICK_Config                       0x08000f6d   Thumb Code    40  stm32f1xx_hal_cortex.o(i.HAL_SYSTICK_Config)
    HAL_TIMEx_BreakCallback                  0x08000f95   Thumb Code     2  stm32f1xx_hal_tim_ex.o(i.HAL_TIMEx_BreakCallback)
    HAL_TIMEx_CommutationCallback            0x08000f97   Thumb Code     2  stm32f1xx_hal_tim_ex.o(i.HAL_TIMEx_CommutationCallback)
    HAL_TIMEx_MasterConfigSynchronization    0x08000f99   Thumb Code    80  stm32f1xx_hal_tim_ex.o(i.HAL_TIMEx_MasterConfigSynchronization)
    HAL_TIM_Base_Init                        0x08000fe9   Thumb Code    54  stm32f1xx_hal_tim.o(i.HAL_TIM_Base_Init)
    HAL_TIM_Base_MspInit                     0x08001021   Thumb Code    94  stm32f1xx_hal_msp.o(i.HAL_TIM_Base_MspInit)
    HAL_TIM_Base_Start                       0x0800108d   Thumb Code    26  stm32f1xx_hal_tim.o(i.HAL_TIM_Base_Start)
    HAL_TIM_Base_Start_IT                    0x080010a7   Thumb Code    24  stm32f1xx_hal_tim.o(i.HAL_TIM_Base_Start_IT)
    HAL_TIM_ConfigClockSource                0x080010bf   Thumb Code   242  stm32f1xx_hal_tim.o(i.HAL_TIM_ConfigClockSource)
    HAL_TIM_IC_CaptureCallback               0x080011b1   Thumb Code     2  stm32f1xx_hal_tim.o(i.HAL_TIM_IC_CaptureCallback)
    HAL_TIM_IRQHandler                       0x080011b3   Thumb Code   358  stm32f1xx_hal_tim.o(i.HAL_TIM_IRQHandler)
    HAL_TIM_MspPostInit                      0x08001319   Thumb Code    66  stm32f1xx_hal_msp.o(i.HAL_TIM_MspPostInit)
    HAL_TIM_OC_DelayElapsedCallback          0x08001369   Thumb Code     2  stm32f1xx_hal_tim.o(i.HAL_TIM_OC_DelayElapsedCallback)
    HAL_TIM_PWM_ConfigChannel                0x0800136b   Thumb Code   208  stm32f1xx_hal_tim.o(i.HAL_TIM_PWM_ConfigChannel)
    HAL_TIM_PWM_Init                         0x0800143b   Thumb Code    54  stm32f1xx_hal_tim.o(i.HAL_TIM_PWM_Init)
    HAL_TIM_PWM_MspInit                      0x08001471   Thumb Code     2  stm32f1xx_hal_tim.o(i.HAL_TIM_PWM_MspInit)
    HAL_TIM_PWM_PulseFinishedCallback        0x08001473   Thumb Code     2  stm32f1xx_hal_tim.o(i.HAL_TIM_PWM_PulseFinishedCallback)
    HAL_TIM_PWM_Start                        0x08001475   Thumb Code    42  stm32f1xx_hal_tim.o(i.HAL_TIM_PWM_Start)
    HAL_TIM_PeriodElapsedCallback            0x080014a5   Thumb Code    42  main.o(i.HAL_TIM_PeriodElapsedCallback)
    HAL_TIM_TriggerCallback                  0x080014d9   Thumb Code     2  stm32f1xx_hal_tim.o(i.HAL_TIM_TriggerCallback)
    HAL_UART_ErrorCallback                   0x080014db   Thumb Code     2  stm32f1xx_hal_uart.o(i.HAL_UART_ErrorCallback)
    HAL_UART_IRQHandler                      0x080014dd   Thumb Code   266  stm32f1xx_hal_uart.o(i.HAL_UART_IRQHandler)
    HAL_UART_Init                            0x080015ed   Thumb Code    98  stm32f1xx_hal_uart.o(i.HAL_UART_Init)
    HAL_UART_MspInit                         0x08001651   Thumb Code    92  stm32f1xx_hal_msp.o(i.HAL_UART_MspInit)
    HAL_UART_Receive                         0x080016b9   Thumb Code   184  stm32f1xx_hal_uart.o(i.HAL_UART_Receive)
    HAL_UART_RxCpltCallback                  0x08001771   Thumb Code     2  stm32f1xx_hal_uart.o(i.HAL_UART_RxCpltCallback)
    HAL_UART_Transmit                        0x08001773   Thumb Code   186  stm32f1xx_hal_uart.o(i.HAL_UART_Transmit)
    HAL_UART_TxCpltCallback                  0x0800182d   Thumb Code     2  stm32f1xx_hal_uart.o(i.HAL_UART_TxCpltCallback)
    HardFault_Handler                        0x0800182f   Thumb Code     2  stm32f1xx_it.o(i.HardFault_Handler)
    MemManage_Handler                        0x08001ab9   Thumb Code     2  stm32f1xx_it.o(i.MemManage_Handler)
    MotorCtrlInit                            0x08001abd   Thumb Code    56  user.o(i.MotorCtrlInit)
    MotorCtrlLoop                            0x08001b09   Thumb Code   110  user.o(i.MotorCtrlLoop)
    MotorPID                                 0x08001b85   Thumb Code   100  user.o(i.MotorPID)
    MotorPIDInit                             0x08001bf1   Thumb Code    68  user.o(i.MotorPIDInit)
    NMI_Handler                              0x08001c59   Thumb Code     2  stm32f1xx_it.o(i.NMI_Handler)
    ReceiveDatas                             0x08001c7d   Thumb Code   274  user.o(i.ReceiveDatas)
    ServoChangePWM                           0x08001d99   Thumb Code   208  user.o(i.ServoChangePWM)
    StartDefaultTask                         0x08001e71   Thumb Code    30  main.o(i.StartDefaultTask)
    SysTick_Handler                          0x08001e95   Thumb Code     4  stm32f1xx_it.o(i.SysTick_Handler)
    SystemClock_Config                       0x08001e99   Thumb Code   104  main.o(i.SystemClock_Config)
    SystemInit                               0x08001f01   Thumb Code    56  system_stm32f1xx.o(i.SystemInit)
    TIM1_UP_IRQHandler                       0x08001f49   Thumb Code     6  stm32f1xx_it.o(i.TIM1_UP_IRQHandler)
    TIM4_IRQHandler                          0x08001f55   Thumb Code     6  stm32f1xx_it.o(i.TIM4_IRQHandler)
    TIM_Base_SetConfig                       0x08001f61   Thumb Code    94  stm32f1xx_hal_tim.o(i.TIM_Base_SetConfig)
    TIM_CCxChannelCmd                        0x08001fcd   Thumb Code    22  stm32f1xx_hal_tim.o(i.TIM_CCxChannelCmd)
    TIM_OC2_SetConfig                        0x08002059   Thumb Code    84  stm32f1xx_hal_tim.o(i.TIM_OC2_SetConfig)
    TaskMotorSpeed                           0x08002193   Thumb Code     6  main.o(i.TaskMotorSpeed)
    USART1_IRQHandler                        0x08002495   Thumb Code     6  stm32f1xx_it.o(i.USART1_IRQHandler)
    UsageFault_Handler                       0x080024a1   Thumb Code     2  stm32f1xx_it.o(i.UsageFault_Handler)
    __scatterload_copy                       0x080024a3   Thumb Code    14  handlers.o(i.__scatterload_copy)
    __scatterload_null                       0x080024b1   Thumb Code     2  handlers.o(i.__scatterload_null)
    __scatterload_zeroinit                   0x080024b3   Thumb Code    14  handlers.o(i.__scatterload_zeroinit)
    funPID                                   0x080024c1   Thumb Code   132  user.o(i.funPID)
    main                                     0x08002545   Thumb Code   232  main.o(i.main)
    osDelay                                  0x08002649   Thumb Code    14  cmsis_os.o(i.osDelay)
    osKernelStart                            0x08002657   Thumb Code    10  cmsis_os.o(i.osKernelStart)
    osSystickHandler                         0x08002661   Thumb Code    20  cmsis_os.o(i.osSystickHandler)
    osThreadCreate                           0x08002675   Thumb Code    46  cmsis_os.o(i.osThreadCreate)
    pvPortMalloc                             0x080029e1   Thumb Code   210  heap_4.o(i.pvPortMalloc)
    pxPortInitialiseStack                    0x08002ab9   Thumb Code    32  port.o(i.pxPortInitialiseStack)
    uxListRemove                             0x08002add   Thumb Code    36  list.o(i.uxListRemove)
    vListInitialise                          0x08002b01   Thumb Code    22  list.o(i.vListInitialise)
    vListInitialiseItem                      0x08002b17   Thumb Code     6  list.o(i.vListInitialiseItem)
    vListInsert                              0x08002b1d   Thumb Code    48  list.o(i.vListInsert)
    vListInsertEnd                           0x08002b4d   Thumb Code    24  list.o(i.vListInsertEnd)
    vPortEnterCritical                       0x08002b65   Thumb Code    54  port.o(i.vPortEnterCritical)
    vPortExitCritical                        0x08002ba5   Thumb Code    34  port.o(i.vPortExitCritical)
    vPortFree                                0x08002bcd   Thumb Code    88  heap_4.o(i.vPortFree)
    vPortSetupTimerInterrupt                 0x08002c29   Thumb Code    26  port.o(i.vPortSetupTimerInterrupt)
    vTaskDelay                               0x08002c49   Thumb Code    66  tasks.o(i.vTaskDelay)
    vTaskStartScheduler                      0x08002c95   Thumb Code    86  tasks.o(i.vTaskStartScheduler)
    vTaskSuspendAll                          0x08002cfd   Thumb Code    10  tasks.o(i.vTaskSuspendAll)
    vTaskSwitchContext                       0x08002d0d   Thumb Code    82  tasks.o(i.vTaskSwitchContext)
    xPortStartScheduler                      0x08002d69   Thumb Code   102  port.o(i.xPortStartScheduler)
    xPortSysTickHandler                      0x08002ddd   Thumb Code    38  port.o(i.xPortSysTickHandler)
    xTaskCreate                              0x08002e09   Thumb Code    86  tasks.o(i.xTaskCreate)
    xTaskGetSchedulerState                   0x08002e61   Thumb Code    22  tasks.o(i.xTaskGetSchedulerState)
    xTaskIncrementTick                       0x08002e7d   Thumb Code   192  tasks.o(i.xTaskIncrementTick)
    xTaskResumeAll                           0x08002f45   Thumb Code   182  tasks.o(i.xTaskResumeAll)
    MOTOR_POS                                0x08003008   Data          16  user.o(.constdata)
    MOTOR_NEG                                0x08003018   Data          16  user.o(.constdata)
    AHBPrescTable                            0x08003050   Data          16  system_stm32f1xx.o(.constdata)
    APBPrescTable                            0x08003060   Data           8  system_stm32f1xx.o(.constdata)
    Region$$Table$$Base                      0x08003080   Number         0  anon$$obj.o(Region$$Table)
    Region$$Table$$Limit                     0x080030a0   Number         0  anon$$obj.o(Region$$Table)
    catch_times                              0x20000000   Data           1  user.o(.data)
    lastStage                                0x20000001   Data           1  user.o(.data)
    stage                                    0x20000003   Data           1  user.o(.data)
    speedX                                   0x20000004   Data           2  user.o(.data)
    speedY                                   0x20000006   Data           2  user.o(.data)
    rotation                                 0x20000008   Data           2  user.o(.data)
    looking_rotate_set                       0x2000000a   Data           2  user.o(.data)
    looking_rotate                           0x2000000c   Data           2  user.o(.data)
    servoSpeed                               0x2000000e   Data           4  user.o(.data)
    servoSet                                 0x20000012   Data           8  user.o(.data)
    datas                                    0x2000001a   Data           8  user.o(.data)
    defaultTaskHandle                        0x20000024   Data           4  main.o(.data)
    MotorSpeedHandle                         0x20000028   Data           4  main.o(.data)
    uwTickFreq                               0x2000002c   Data           1  stm32f1xx_hal.o(.data)
    uwTickPrio                               0x20000030   Data           4  stm32f1xx_hal.o(.data)
    uwTick                                   0x20000034   Data           4  stm32f1xx_hal.o(.data)
    SystemCoreClock                          0x20000038   Data           4  system_stm32f1xx.o(.data)
    pxCurrentTCB                             0x20000060   Data           4  tasks.o(.data)
    vPwm                                     0x200000a0   Data          16  user.o(.bss)
    serPwm                                   0x200000b0   Data          16  user.o(.bss)
    MOTOR_BSRR                               0x200000c0   Data          16  user.o(.bss)
    pidRot                                   0x200000d0   Data          32  user.o(.bss)
    pidMov                                   0x200000f0   Data          32  user.o(.bss)
    htim1                                    0x20000110   Data          64  main.o(.bss)
    htim2                                    0x20000150   Data          64  main.o(.bss)
    htim3                                    0x20000190   Data          64  main.o(.bss)
    huart1                                   0x200001d0   Data          64  main.o(.bss)
    htim4                                    0x20000210   Data          64  stm32f1xx_hal_timebase_tim.o(.bss)
    __initial_sp                             0x20001340   Data           0  startup_stm32f103xb.o(STACK)



==============================================================================

Memory Map of the image

  Image Entry point : 0x080000ed

  Load Region LR_IROM1 (Base: 0x08000000, Size: 0x0000313c, Max: 0x00010000, ABSOLUTE)

    Execution Region ER_IROM1 (Exec base: 0x08000000, Load base: 0x08000000, Size: 0x000030a0, Max: 0x00010000, ABSOLUTE)

    Exec Addr    Load Addr    Size         Type   Attr      Idx    E Section Name        Object

    0x08000000   0x08000000   0x000000ec   Data   RO            3    RESET               startup_stm32f103xb.o
    0x080000ec   0x080000ec   0x00000000   Code   RO         3730  * .ARM.Collect$$$$00000000  mc_w.l(entry.o)
    0x080000ec   0x080000ec   0x00000004   Code   RO         3779    .ARM.Collect$$$$00000001  mc_w.l(entry2.o)
    0x080000f0   0x080000f0   0x00000004   Code   RO         3782    .ARM.Collect$$$$00000004  mc_w.l(entry5.o)
    0x080000f4   0x080000f4   0x00000000   Code   RO         3784    .ARM.Collect$$$$00000008  mc_w.l(entry7b.o)
    0x080000f4   0x080000f4   0x00000000   Code   RO         3786    .ARM.Collect$$$$0000000A  mc_w.l(entry8b.o)
    0x080000f4   0x080000f4   0x00000008   Code   RO         3787    .ARM.Collect$$$$0000000B  mc_w.l(entry9a.o)
    0x080000fc   0x080000fc   0x00000000   Code   RO         3789    .ARM.Collect$$$$0000000D  mc_w.l(entry10a.o)
    0x080000fc   0x080000fc   0x00000000   Code   RO         3791    .ARM.Collect$$$$0000000F  mc_w.l(entry11a.o)
    0x080000fc   0x080000fc   0x00000004   Code   RO         3780    .ARM.Collect$$$$00002712  mc_w.l(entry2.o)
    0x08000100   0x08000100   0x00000096   Code   RO         2709    .emb_text           port.o
    0x08000196   0x08000196   0x00000002   PAD
    0x08000198   0x08000198   0x00000024   Code   RO            4    .text               startup_stm32f103xb.o
    0x080001bc   0x080001bc   0x00000020   Code   RO         3733    .text               mc_w.l(llushr.o)
    0x080001dc   0x080001dc   0x00000024   Code   RO         3735    .text               mc_w.l(memcpya.o)
    0x08000200   0x08000200   0x0000014e   Code   RO         3739    .text               mf_w.l(dadd.o)
    0x0800034e   0x0800034e   0x000000e4   Code   RO         3741    .text               mf_w.l(dmul.o)
    0x08000432   0x08000432   0x0000002e   Code   RO         3743    .text               mf_w.l(dscalb.o)
    0x08000460   0x08000460   0x00000022   Code   RO         3745    .text               mf_w.l(dflti.o)
    0x08000482   0x08000482   0x0000003e   Code   RO         3747    .text               mf_w.l(dfixi.o)
    0x080004c0   0x080004c0   0x0000001e   Code   RO         3793    .text               mc_w.l(llshl.o)
    0x080004de   0x080004de   0x00000024   Code   RO         3795    .text               mc_w.l(llsshr.o)
    0x08000502   0x08000502   0x00000000   Code   RO         3804    .text               mc_w.l(iusefp.o)
    0x08000502   0x08000502   0x000000ba   Code   RO         3805    .text               mf_w.l(depilogue.o)
    0x080005bc   0x080005bc   0x00000024   Code   RO         3811    .text               mc_w.l(init.o)
    0x080005e0   0x080005e0   0x00000002   Code   RO          314    i.BusFault_Handler  stm32f1xx_it.o
    0x080005e2   0x080005e2   0x00000002   Code   RO          315    i.DebugMon_Handler  stm32f1xx_it.o
    0x080005e4   0x080005e4   0x00000098   Code   RO         2081    i.HAL_DMA_Abort_IT  stm32f1xx_hal_dma.o
    0x0800067c   0x0800067c   0x000001bc   Code   RO         2016    i.HAL_GPIO_Init     stm32f1xx_hal_gpio.o
    0x08000838   0x08000838   0x0000000a   Code   RO         2020    i.HAL_GPIO_WritePin  stm32f1xx_hal_gpio.o
    0x08000842   0x08000842   0x00000002   PAD
    0x08000844   0x08000844   0x0000000c   Code   RO         1727    i.HAL_GetTick       stm32f1xx_hal.o
    0x08000850   0x08000850   0x00000010   Code   RO         1731    i.HAL_IncTick       stm32f1xx_hal.o
    0x08000860   0x08000860   0x00000024   Code   RO         1732    i.HAL_Init          stm32f1xx_hal.o
    0x08000884   0x08000884   0x00000074   Code   RO          450    i.HAL_InitTick      stm32f1xx_hal_timebase_tim.o
    0x080008f8   0x080008f8   0x00000090   Code   RO          396    i.HAL_MspInit       stm32f1xx_hal_msp.o
    0x08000988   0x08000988   0x00000016   Code   RO         2176    i.HAL_NVIC_EnableIRQ  stm32f1xx_hal_cortex.o
    0x0800099e   0x0800099e   0x00000002   PAD
    0x080009a0   0x080009a0   0x00000040   Code   RO         2182    i.HAL_NVIC_SetPriority  stm32f1xx_hal_cortex.o
    0x080009e0   0x080009e0   0x00000024   Code   RO         2183    i.HAL_NVIC_SetPriorityGrouping  stm32f1xx_hal_cortex.o
    0x08000a04   0x08000a04   0x00000154   Code   RO         1876    i.HAL_RCC_ClockConfig  stm32f1xx_hal_rcc.o
    0x08000b58   0x08000b58   0x00000040   Code   RO         1880    i.HAL_RCC_GetClockConfig  stm32f1xx_hal_rcc.o
    0x08000b98   0x08000b98   0x0000000c   Code   RO         1881    i.HAL_RCC_GetHCLKFreq  stm32f1xx_hal_rcc.o
    0x08000ba4   0x08000ba4   0x00000020   Code   RO         1883    i.HAL_RCC_GetPCLK1Freq  stm32f1xx_hal_rcc.o
    0x08000bc4   0x08000bc4   0x00000020   Code   RO         1884    i.HAL_RCC_GetPCLK2Freq  stm32f1xx_hal_rcc.o
    0x08000be4   0x08000be4   0x0000006c   Code   RO         1885    i.HAL_RCC_GetSysClockFreq  stm32f1xx_hal_rcc.o
    0x08000c50   0x08000c50   0x00000304   Code   RO         1888    i.HAL_RCC_OscConfig  stm32f1xx_hal_rcc.o
    0x08000f54   0x08000f54   0x00000018   Code   RO         2185    i.HAL_SYSTICK_CLKSourceConfig  stm32f1xx_hal_cortex.o
    0x08000f6c   0x08000f6c   0x00000028   Code   RO         2187    i.HAL_SYSTICK_Config  stm32f1xx_hal_cortex.o
    0x08000f94   0x08000f94   0x00000002   Code   RO         1157    i.HAL_TIMEx_BreakCallback  stm32f1xx_hal_tim_ex.o
    0x08000f96   0x08000f96   0x00000002   Code   RO         1158    i.HAL_TIMEx_CommutationCallback  stm32f1xx_hal_tim_ex.o
    0x08000f98   0x08000f98   0x00000050   Code   RO         1174    i.HAL_TIMEx_MasterConfigSynchronization  stm32f1xx_hal_tim_ex.o
    0x08000fe8   0x08000fe8   0x00000036   Code   RO          528    i.HAL_TIM_Base_Init  stm32f1xx_hal_tim.o
    0x0800101e   0x0800101e   0x00000002   PAD
    0x08001020   0x08001020   0x0000006c   Code   RO          398    i.HAL_TIM_Base_MspInit  stm32f1xx_hal_msp.o
    0x0800108c   0x0800108c   0x0000001a   Code   RO          531    i.HAL_TIM_Base_Start  stm32f1xx_hal_tim.o
    0x080010a6   0x080010a6   0x00000018   Code   RO          533    i.HAL_TIM_Base_Start_IT  stm32f1xx_hal_tim.o
    0x080010be   0x080010be   0x000000f2   Code   RO          537    i.HAL_TIM_ConfigClockSource  stm32f1xx_hal_tim.o
    0x080011b0   0x080011b0   0x00000002   Code   RO          557    i.HAL_TIM_IC_CaptureCallback  stm32f1xx_hal_tim.o
    0x080011b2   0x080011b2   0x00000166   Code   RO          570    i.HAL_TIM_IRQHandler  stm32f1xx_hal_tim.o
    0x08001318   0x08001318   0x00000050   Code   RO          399    i.HAL_TIM_MspPostInit  stm32f1xx_hal_msp.o
    0x08001368   0x08001368   0x00000002   Code   RO          573    i.HAL_TIM_OC_DelayElapsedCallback  stm32f1xx_hal_tim.o
    0x0800136a   0x0800136a   0x000000d0   Code   RO          594    i.HAL_TIM_PWM_ConfigChannel  stm32f1xx_hal_tim.o
    0x0800143a   0x0800143a   0x00000036   Code   RO          597    i.HAL_TIM_PWM_Init  stm32f1xx_hal_tim.o
    0x08001470   0x08001470   0x00000002   Code   RO          599    i.HAL_TIM_PWM_MspInit  stm32f1xx_hal_tim.o
    0x08001472   0x08001472   0x00000002   Code   RO          600    i.HAL_TIM_PWM_PulseFinishedCallback  stm32f1xx_hal_tim.o
    0x08001474   0x08001474   0x00000030   Code   RO          601    i.HAL_TIM_PWM_Start  stm32f1xx_hal_tim.o
    0x080014a4   0x080014a4   0x00000034   Code   RO          218    i.HAL_TIM_PeriodElapsedCallback  main.o
    0x080014d8   0x080014d8   0x00000002   Code   RO          611    i.HAL_TIM_TriggerCallback  stm32f1xx_hal_tim.o
    0x080014da   0x080014da   0x00000002   Code   RO         1411    i.HAL_UART_ErrorCallback  stm32f1xx_hal_uart.o
    0x080014dc   0x080014dc   0x00000110   Code   RO         1414    i.HAL_UART_IRQHandler  stm32f1xx_hal_uart.o
    0x080015ec   0x080015ec   0x00000062   Code   RO         1415    i.HAL_UART_Init     stm32f1xx_hal_uart.o
    0x0800164e   0x0800164e   0x00000002   PAD
    0x08001650   0x08001650   0x00000068   Code   RO          401    i.HAL_UART_MspInit  stm32f1xx_hal_msp.o
    0x080016b8   0x080016b8   0x000000b8   Code   RO         1418    i.HAL_UART_Receive  stm32f1xx_hal_uart.o
    0x08001770   0x08001770   0x00000002   Code   RO         1421    i.HAL_UART_RxCpltCallback  stm32f1xx_hal_uart.o
    0x08001772   0x08001772   0x000000ba   Code   RO         1423    i.HAL_UART_Transmit  stm32f1xx_hal_uart.o
    0x0800182c   0x0800182c   0x00000002   Code   RO         1426    i.HAL_UART_TxCpltCallback  stm32f1xx_hal_uart.o
    0x0800182e   0x0800182e   0x00000002   Code   RO          316    i.HardFault_Handler  stm32f1xx_it.o
    0x08001830   0x08001830   0x000000cc   Code   RO          219    i.MX_GPIO_Init      main.o
    0x080018fc   0x080018fc   0x00000058   Code   RO          220    i.MX_TIM1_Init      main.o
    0x08001954   0x08001954   0x000000a8   Code   RO          221    i.MX_TIM2_Init      main.o
    0x080019fc   0x080019fc   0x000000bc   Code   RO          222    i.MX_TIM3_Init      main.o
    0x08001ab8   0x08001ab8   0x00000002   Code   RO          317    i.MemManage_Handler  stm32f1xx_it.o
    0x08001aba   0x08001aba   0x00000002   PAD
    0x08001abc   0x08001abc   0x0000004c   Code   RO           14    i.MotorCtrlInit     user.o
    0x08001b08   0x08001b08   0x0000007c   Code   RO           15    i.MotorCtrlLoop     user.o
    0x08001b84   0x08001b84   0x0000006c   Code   RO           16    i.MotorPID          user.o
    0x08001bf0   0x08001bf0   0x00000068   Code   RO           17    i.MotorPIDInit      user.o
    0x08001c58   0x08001c58   0x00000002   Code   RO          318    i.NMI_Handler       stm32f1xx_it.o
    0x08001c5a   0x08001c5a   0x00000020   Code   RO         2189    i.NVIC_SetPriority  stm32f1xx_hal_cortex.o
    0x08001c7a   0x08001c7a   0x00000002   PAD
    0x08001c7c   0x08001c7c   0x0000011c   Code   RO           18    i.ReceiveDatas      user.o
    0x08001d98   0x08001d98   0x000000d8   Code   RO           19    i.ServoChangePWM    user.o
    0x08001e70   0x08001e70   0x00000024   Code   RO          223    i.StartDefaultTask  main.o
    0x08001e94   0x08001e94   0x00000004   Code   RO          319    i.SysTick_Handler   stm32f1xx_it.o
    0x08001e98   0x08001e98   0x00000068   Code   RO          224    i.SystemClock_Config  main.o
    0x08001f00   0x08001f00   0x00000048   Code   RO         2605    i.SystemInit        system_stm32f1xx.o
    0x08001f48   0x08001f48   0x0000000c   Code   RO          320    i.TIM1_UP_IRQHandler  stm32f1xx_it.o
    0x08001f54   0x08001f54   0x0000000c   Code   RO          321    i.TIM4_IRQHandler   stm32f1xx_it.o
    0x08001f60   0x08001f60   0x0000006c   Code   RO          612    i.TIM_Base_SetConfig  stm32f1xx_hal_tim.o
    0x08001fcc   0x08001fcc   0x00000016   Code   RO          613    i.TIM_CCxChannelCmd  stm32f1xx_hal_tim.o
    0x08001fe2   0x08001fe2   0x00000014   Code   RO          619    i.TIM_ETR_SetConfig  stm32f1xx_hal_tim.o
    0x08001ff6   0x08001ff6   0x00000010   Code   RO          620    i.TIM_ITRx_SetConfig  stm32f1xx_hal_tim.o
    0x08002006   0x08002006   0x00000002   PAD
    0x08002008   0x08002008   0x00000050   Code   RO          621    i.TIM_OC1_SetConfig  stm32f1xx_hal_tim.o
    0x08002058   0x08002058   0x00000058   Code   RO          622    i.TIM_OC2_SetConfig  stm32f1xx_hal_tim.o
    0x080020b0   0x080020b0   0x00000058   Code   RO          623    i.TIM_OC3_SetConfig  stm32f1xx_hal_tim.o
    0x08002108   0x08002108   0x00000044   Code   RO          624    i.TIM_OC4_SetConfig  stm32f1xx_hal_tim.o
    0x0800214c   0x0800214c   0x00000022   Code   RO          626    i.TIM_TI1_ConfigInputStage  stm32f1xx_hal_tim.o
    0x0800216e   0x0800216e   0x00000024   Code   RO          628    i.TIM_TI2_ConfigInputStage  stm32f1xx_hal_tim.o
    0x08002192   0x08002192   0x00000006   Code   RO          225    i.TaskMotorSpeed    main.o
    0x08002198   0x08002198   0x00000010   Code   RO         1428    i.UART_DMAAbortOnError  stm32f1xx_hal_uart.o
    0x080021a8   0x080021a8   0x0000001c   Code   RO         1438    i.UART_EndRxTransfer  stm32f1xx_hal_uart.o
    0x080021c4   0x080021c4   0x00000096   Code   RO         1440    i.UART_Receive_IT   stm32f1xx_hal_uart.o
    0x0800225a   0x0800225a   0x00000002   PAD
    0x0800225c   0x0800225c   0x00000170   Code   RO         1441    i.UART_SetConfig    stm32f1xx_hal_uart.o
    0x080023cc   0x080023cc   0x00000062   Code   RO         1442    i.UART_Transmit_IT  stm32f1xx_hal_uart.o
    0x0800242e   0x0800242e   0x00000064   Code   RO         1443    i.UART_WaitOnFlagUntilTimeout  stm32f1xx_hal_uart.o
    0x08002492   0x08002492   0x00000002   PAD
    0x08002494   0x08002494   0x0000000c   Code   RO          322    i.USART1_IRQHandler  stm32f1xx_it.o
    0x080024a0   0x080024a0   0x00000002   Code   RO          323    i.UsageFault_Handler  stm32f1xx_it.o
    0x080024a2   0x080024a2   0x0000000e   Code   RO         3819    i.__scatterload_copy  mc_w.l(handlers.o)
    0x080024b0   0x080024b0   0x00000002   Code   RO         3820    i.__scatterload_null  mc_w.l(handlers.o)
    0x080024b2   0x080024b2   0x0000000e   Code   RO         3821    i.__scatterload_zeroinit  mc_w.l(handlers.o)
    0x080024c0   0x080024c0   0x00000084   Code   RO           20    i.funPID            user.o
    0x08002544   0x08002544   0x000000f8   Code   RO          227    i.main              main.o
    0x0800263c   0x0800263c   0x0000000c   Code   RO         3341    i.makeFreeRtosPriority  cmsis_os.o
    0x08002648   0x08002648   0x0000000e   Code   RO         3343    i.osDelay           cmsis_os.o
    0x08002656   0x08002656   0x0000000a   Code   RO         3346    i.osKernelStart     cmsis_os.o
    0x08002660   0x08002660   0x00000014   Code   RO         3379    i.osSystickHandler  cmsis_os.o
    0x08002674   0x08002674   0x0000002e   Code   RO         3380    i.osThreadCreate    cmsis_os.o
    0x080026a2   0x080026a2   0x00000002   PAD
    0x080026a4   0x080026a4   0x00000070   Code   RO         3052    i.prvAddCurrentTaskToDelayedList  tasks.o
    0x08002714   0x08002714   0x000000d0   Code   RO         3053    i.prvAddNewTaskToReadyList  tasks.o
    0x080027e4   0x080027e4   0x00000050   Code   RO         3054    i.prvCheckTasksWaitingTermination  tasks.o
    0x08002834   0x08002834   0x00000014   Code   RO         3055    i.prvDeleteTCB      tasks.o
    0x08002848   0x08002848   0x0000004c   Code   RO         2639    i.prvHeapInit       heap_4.o
    0x08002894   0x08002894   0x00000028   Code   RO         3056    i.prvIdleTask       tasks.o
    0x080028bc   0x080028bc   0x0000008e   Code   RO         3057    i.prvInitialiseNewTask  tasks.o
    0x0800294a   0x0800294a   0x00000002   PAD
    0x0800294c   0x0800294c   0x0000004c   Code   RO         2640    i.prvInsertBlockIntoFreeList  heap_4.o
    0x08002998   0x08002998   0x00000020   Code   RO         3058    i.prvResetNextTaskUnblockTime  tasks.o
    0x080029b8   0x080029b8   0x00000028   Code   RO         2710    i.prvTaskExitError  port.o
    0x080029e0   0x080029e0   0x000000d8   Code   RO         2641    i.pvPortMalloc      heap_4.o
    0x08002ab8   0x08002ab8   0x00000024   Code   RO         2711    i.pxPortInitialiseStack  port.o
    0x08002adc   0x08002adc   0x00000024   Code   RO         2875    i.uxListRemove      list.o
    0x08002b00   0x08002b00   0x00000016   Code   RO         2876    i.vListInitialise   list.o
    0x08002b16   0x08002b16   0x00000006   Code   RO         2877    i.vListInitialiseItem  list.o
    0x08002b1c   0x08002b1c   0x00000030   Code   RO         2878    i.vListInsert       list.o
    0x08002b4c   0x08002b4c   0x00000018   Code   RO         2879    i.vListInsertEnd    list.o
    0x08002b64   0x08002b64   0x00000040   Code   RO         2713    i.vPortEnterCritical  port.o
    0x08002ba4   0x08002ba4   0x00000028   Code   RO         2714    i.vPortExitCritical  port.o
    0x08002bcc   0x08002bcc   0x0000005c   Code   RO         2642    i.vPortFree         heap_4.o
    0x08002c28   0x08002c28   0x00000020   Code   RO         2715    i.vPortSetupTimerInterrupt  port.o
    0x08002c48   0x08002c48   0x0000004c   Code   RO         3066    i.vTaskDelay        tasks.o
    0x08002c94   0x08002c94   0x00000068   Code   RO         3077    i.vTaskStartScheduler  tasks.o
    0x08002cfc   0x08002cfc   0x00000010   Code   RO         3079    i.vTaskSuspendAll   tasks.o
    0x08002d0c   0x08002d0c   0x0000005c   Code   RO         3080    i.vTaskSwitchContext  tasks.o
    0x08002d68   0x08002d68   0x00000074   Code   RO         2717    i.xPortStartScheduler  port.o
    0x08002ddc   0x08002ddc   0x0000002c   Code   RO         2718    i.xPortSysTickHandler  port.o
    0x08002e08   0x08002e08   0x00000056   Code   RO         3082    i.xTaskCreate       tasks.o
    0x08002e5e   0x08002e5e   0x00000002   PAD
    0x08002e60   0x08002e60   0x0000001c   Code   RO         3086    i.xTaskGetSchedulerState  tasks.o
    0x08002e7c   0x08002e7c   0x000000c8   Code   RO         3089    i.xTaskIncrementTick  tasks.o
    0x08002f44   0x08002f44   0x000000c4   Code   RO         3095    i.xTaskResumeAll    tasks.o
    0x08003008   0x08003008   0x00000020   Data   RO           22    .constdata          user.o
    0x08003028   0x08003028   0x00000028   Data   RO          229    .constdata          main.o
    0x08003050   0x08003050   0x00000010   Data   RO         2606    .constdata          system_stm32f1xx.o
    0x08003060   0x08003060   0x00000008   Data   RO         2607    .constdata          system_stm32f1xx.o
    0x08003068   0x08003068   0x00000018   Data   RO          230    .conststring        main.o
    0x08003080   0x08003080   0x00000020   Data   RO         3817    Region$$Table       anon$$obj.o


    Execution Region RW_IRAM1 (Exec base: 0x20000000, Load base: 0x080030a0, Size: 0x00001340, Max: 0x00005000, ABSOLUTE)

    Exec Addr    Load Addr    Size         Type   Attr      Idx    E Section Name        Object

    0x20000000   0x080030a0   0x00000022   Data   RW           25    .data               user.o
    0x20000022   0x080030c2   0x00000002   PAD
    0x20000024   0x080030c4   0x00000008   Data   RW          231    .data               main.o
    0x2000002c   0x080030cc   0x0000000c   Data   RW         1739    .data               stm32f1xx_hal.o
    0x20000038   0x080030d8   0x00000004   Data   RW         2608    .data               system_stm32f1xx.o
    0x2000003c   0x080030dc   0x00000018   Data   RW         2647    .data               heap_4.o
    0x20000054   0x080030f4   0x0000000c   Data   RW         2719    .data               port.o
    0x20000060   0x08003100   0x0000003c   Data   RW         3098    .data               tasks.o
    0x2000009c   0x0800313c   0x00000004   PAD
    0x200000a0        -       0x00000070   Zero   RW           21    .bss                user.o
    0x20000110        -       0x00000100   Zero   RW          228    .bss                main.o
    0x20000210        -       0x00000040   Zero   RW          453    .bss                stm32f1xx_hal_timebase_tim.o
    0x20000250        -       0x00000c00   Zero   RW         2646    .bss                heap_4.o
    0x20000e50        -       0x000000f0   Zero   RW         3097    .bss                tasks.o
    0x20000f40        -       0x00000400   Zero   RW            1    STACK               startup_stm32f103xb.o


==============================================================================

Image component sizes


      Code (inc. data)   RO Data    RW Data    ZI Data      Debug   Object Name

       102          0          0          0          0      13088   cmsis_os.o
         0          0          0          0          0       8056   event_groups.o
       460         24          0         24       3072       8627   heap_4.o
       136          0          0          0          0       3314   list.o
      1094         74         64          8        256       6771   main.o
       522         62          0         12          0      10060   port.o
        36          8        236          0       1024        788   startup_stm32f103xb.o
        64         14          0         12          0       2514   stm32f1xx_hal.o
       218         14          0          0          0      26261   stm32f1xx_hal_cortex.o
       152          4          0          0          0       1075   stm32f1xx_hal_dma.o
       454         36          0          0          0       2840   stm32f1xx_hal_gpio.o
       436         50          0          0          0       2798   stm32f1xx_hal_msp.o
      1360        114          0          0          0       6169   stm32f1xx_hal_rcc.o
      1584         40          0          0          0      15713   stm32f1xx_hal_tim.o
        84          0          0          0          0       2278   stm32f1xx_hal_tim_ex.o
       116         16          0          0         64       1408   stm32f1xx_hal_timebase_tim.o
      1506         10          0          0          0       9966   stm32f1xx_hal_uart.o
        52         18          0          0          0       4098   stm32f1xx_it.o
        72         16         24          4          0       1123   system_stm32f1xx.o
      1432        122          0         60        240      15371   tasks.o
      1044         96         32         34        112     458228   user.o

    ----------------------------------------------------------------------
     10950        718        388        156       4772     600546   Object Totals
         0          0         32          0          0          0   (incl. Generated)
        26          0          0          2          4          0   (incl. Padding)

    ----------------------------------------------------------------------

      Code (inc. data)   RO Data    RW Data    ZI Data      Debug   Library Member Name

         0          0          0          0          0          0   entry.o
         0          0          0          0          0          0   entry10a.o
         0          0          0          0          0          0   entry11a.o
         8          4          0          0          0          0   entry2.o
         4          0          0          0          0          0   entry5.o
         0          0          0          0          0          0   entry7b.o
         0          0          0          0          0          0   entry8b.o
         8          4          0          0          0          0   entry9a.o
        30          0          0          0          0          0   handlers.o
        36          8          0          0          0         68   init.o
         0          0          0          0          0          0   iusefp.o
        30          0          0          0          0         68   llshl.o
        36          0          0          0          0         68   llsshr.o
        32          0          0          0          0         68   llushr.o
        36          0          0          0          0         68   memcpya.o
       334          0          0          0          0        148   dadd.o
       186          0          0          0          0        176   depilogue.o
        62          0          0          0          0         80   dfixi.o
        34          0          0          0          0         76   dflti.o
       228          0          0          0          0         96   dmul.o
        46          0          0          0          0         80   dscalb.o

    ----------------------------------------------------------------------
      1110         16          0          0          0        996   Library Totals
         0          0          0          0          0          0   (incl. Padding)

    ----------------------------------------------------------------------

      Code (inc. data)   RO Data    RW Data    ZI Data      Debug   Library Name

       220         16          0          0          0        340   mc_w.l
       890          0          0          0          0        656   mf_w.l

    ----------------------------------------------------------------------
      1110         16          0          0          0        996   Library Totals

    ----------------------------------------------------------------------

==============================================================================


      Code (inc. data)   RO Data    RW Data    ZI Data      Debug   

     12060        734        388        156       4772     594830   Grand Totals
     12060        734        388        156       4772     594830   ELF Image Totals
     12060        734        388        156          0          0   ROM Totals

==============================================================================

    Total RO  Size (Code + RO Data)                12448 (  12.16kB)
    Total RW  Size (RW Data + ZI Data)              4928 (   4.81kB)
    Total ROM Size (Code + RO Data + RW Data)      12604 (  12.31kB)

==============================================================================

